[00:03:22] [main/INFO] ========================================
[00:03:22] [main/INFO] Minecraft: 1.21
[00:03:22] [main/INFO] Side: server
[00:03:22] [main/INFO] Development: false
[00:03:22] [main/INFO] Version: 16.0.799
[00:03:22] [main/INFO] Loader:
[00:03:22] [main/INFO] - Fabric: 0.16.14
[00:03:22] [main/INFO] - Fabric API: 0.102.0+1.21
[00:03:22] [main/INFO] Dependencies:
[00:03:22] [main/INFO] - Cloth Config: 15.0.140
[00:03:22] [main/INFO] - Architectury: 13.0.8
[00:03:22] [main/INFO] Mixin: 0.8.7
[00:03:22] [main/INFO] OS: Linux 6.8.0-1030-azure (amd64)
[00:03:22] [main/INFO] Java: 21.0.8 (Ubuntu)
[00:03:22] [main/INFO] ========================================
[00:03:22] [main/INFO] Mods:
[00:03:22] [main/INFO] - alternate-current: 1.9.0
[00:03:22] [main/INFO] - ar_com_hjg_pngj: 2.1.0
[00:03:22] [main/INFO] - architectury: 13.0.8
[00:03:22] [main/INFO] - artifacts: 12.0.6
[00:03:22] [main/INFO] - aurelj_paintings: 1.0.4
[00:03:22] [main/INFO] - azurelib: 2.3.15
[00:03:22] [main/INFO] - balm-fabric: 21.0.31
[00:03:22] [main/INFO] - betterdungeons: 1.21.1-Fabric-5.1.4
[00:03:22] [main/INFO] - betterfortresses: 1.21.1-Fabric-3.1.3
[00:03:22] [main/INFO] - biomesoplenty: 21.0.0.18
[00:03:22] [main/INFO] - blue_endless_jankson: 1.2.3
[00:03:22] [main/INFO] - c2me: 0.2.0+alpha.11.109+1.21
[00:03:22] [main/INFO] - c2me-base: 0.2.0+alpha.11.109+1.21
[00:03:22] [main/INFO] - c2me-fixes-chunkio-threading-issues: 0.2.0+alpha.11.109+1.21
[00:03:22] [main/INFO] - c2me-fixes-general-threading-issues: 0.2.0+alpha.11.109+1.21
[00:03:22] [main/INFO] - c2me-fixes-worldgen-threading-issues: 0.2.0+alpha.11.109+1.21
[00:03:22] [main/INFO] - c2me-fixes-worldgen-vanilla-bugs: 0.2.0+alpha.11.109+1.21
[00:03:22] [main/INFO] - c2me-notickvd: 0.2.0+alpha.11.109+1.21
[00:03:22] [main/INFO] - c2me-opts-allocs: 0.2.0+alpha.11.109+1.21
[00:03:22] [main/INFO] - c2me-opts-chunk-access: 0.2.0+alpha.11.109+1.21
[00:03:22] [main/INFO] - c2me-opts-chunkio: 0.2.0+alpha.11.109+1.21
[00:03:22] [main/INFO] - c2me-opts-math: 0.2.0+alpha.11.109+1.21
[00:03:22] [main/INFO] - c2me-opts-scheduling: 0.2.0+alpha.11.109+1.21
[00:03:22] [main/INFO] - c2me-opts-worldgen-general: 0.2.0+alpha.11.109+1.21
[00:03:22] [main/INFO] - c2me-opts-worldgen-vanilla: 0.2.0+alpha.11.109+1.21
[00:03:22] [main/INFO] - c2me-rewrites-chunk-serializer: 0.2.0+alpha.11.109+1.21
[00:03:22] [main/INFO] - c2me-rewrites-chunkio: 0.2.0+alpha.11.109+1.21
[00:03:22] [main/INFO] - c2me-server-utils: 0.2.0+alpha.11.109+1.21
[00:03:22] [main/INFO] - c2me-threading-chunkio: 0.2.0+alpha.11.109+1.21
[00:03:22] [main/INFO] - c2me-threading-lighting: 0.2.0+alpha.11.109+1.21
[00:03:22] [main/INFO] - c2me-threading-worldgen: 0.2.0+alpha.11.109+1.21
[00:03:22] [main/INFO] - cardinal-components-base: 6.1.0
[00:03:22] [main/INFO] - cardinal-components-entity: 6.1.0
[00:03:22] [main/INFO] - ce: 2.1.1
[00:03:22] [main/INFO] - chunky: 1.4.16
[00:03:22] [main/INFO] - cloth-basic-math: 0.6.1
[00:03:22] [main/INFO] - cloth-config: 15.0.140
[00:03:22] [main/INFO] - cloth-config: 15.0.140
[00:03:22] [main/INFO] - clumps: 18.0.0.2
[00:03:22] [main/INFO] - collective: 7.93
[00:03:22] [main/INFO] - com_electronwill_night-config_core: 3.8.0
[00:03:22] [main/INFO] - com_electronwill_night-config_toml: 3.8.0
[00:03:22] [main/INFO] - com_ibm_async_asyncutil: 0.1.0
[00:03:22] [main/INFO] - com_teamresourceful_bytecodecs: 1.1.2
[00:03:22] [main/INFO] - com_teamresourceful_resourceful-cosmetics-4j: 1.0.3
[00:03:22] [main/INFO] - com_teamresourceful_yabn: 1.0.3
[00:03:22] [main/INFO] - com_velocitypowered_velocity-native: 3.3.0-SNAPSHOT
[00:03:22] [main/INFO] - commonnetworking: 1.0.16-1.21
[00:03:22] [main/INFO] - craftedcore: 5.8
[00:03:22] [main/INFO] - creeperoverhaul: 4.0.6
[00:03:22] [main/INFO] - cristellib: 1.2.8
[00:03:22] [main/INFO] - ctov: 3.5.5
[00:03:22] [main/INFO] - dungeons_arise: 2.1.60
[00:03:22] [main/INFO] - dynamiclights: 1.8.7+mod
[00:03:22] [main/INFO] - elevatorid: 1.21-1.11.1
[00:03:22] [main/INFO] - error_notifier: 1.0.11
[00:03:22] [main/INFO] - expandability: 12.0.0
[00:03:22] [main/INFO] - extracurricularweaponsandtools: 1.0.0
[00:03:22] [main/INFO] - fabric-api: 0.102.0+1.21
[00:03:22] [main/INFO] - fabric-api: 0.102.0+1.21
[00:03:22] [main/INFO] - fabric-api-base: 0.4.42+6573ed8cd1
[00:03:22] [main/INFO] - fabric-api-lookup-api-v1: 1.6.68+b5597344d1
[00:03:22] [main/INFO] - fabric-biome-api-v1: 13.0.29+5bd9f1bcd1
[00:03:22] [main/INFO] - fabric-block-api-v1: 1.0.22+0af3f5a7d1
[00:03:22] [main/INFO] - fabric-block-view-api-v2: 1.0.10+6573ed8cd1
[00:03:22] [main/INFO] - fabric-command-api-v1: 1.2.49+f71b366fd1
[00:03:22] [main/INFO] - fabric-command-api-v2: 2.2.28+6ced4dd9d1
[00:03:22] [main/INFO] - fabric-commands-v0: 0.2.66+df3654b3d1
[00:03:22] [main/INFO] - fabric-content-registries-v0: 8.0.16+b5597344d1
[00:03:22] [main/INFO] - fabric-convention-tags-v1: 2.0.19+7f945d5bd1
[00:03:22] [main/INFO] - fabric-convention-tags-v2: 2.5.0+c5e2b5c6d1
[00:03:22] [main/INFO] - fabric-crash-report-info-v1: 0.2.29+0af3f5a7d1
[00:03:22] [main/INFO] - fabric-data-attachment-api-v1: 1.1.27+6a6dfa19d1
[00:03:22] [main/INFO] - fabric-data-generation-api-v1: 20.2.16+16c4ae25d1
[00:03:22] [main/INFO] - fabric-dimensions-v1: 4.0.0+6fc22b99d1
[00:03:22] [main/INFO] - fabric-entity-events-v1: 1.6.12+6fc22b99d1
[00:03:22] [main/INFO] - fabric-events-interaction-v0: 0.7.12+ba9dae06d1
[00:03:22] [main/INFO] - fabric-game-rule-api-v1: 1.0.53+6ced4dd9d1
[00:03:22] [main/INFO] - fabric-item-api-v1: 11.0.0+afdfc921d1
[00:03:22] [main/INFO] - fabric-item-group-api-v1: 4.1.4+78017270d1
[00:03:22] [main/INFO] - fabric-lifecycle-events-v1: 2.3.12+6c1df360d1
[00:03:22] [main/INFO] - fabric-loot-api-v2: 3.0.14+3f89f5a5d1
[00:03:22] [main/INFO] - fabric-loot-api-v3: 1.0.2+3f89f5a5d1
[00:03:22] [main/INFO] - fabric-message-api-v1: 6.0.13+6573ed8cd1
[00:03:22] [main/INFO] - fabric-networking-api-v1: 4.2.2+60c3209bd1
[00:03:22] [main/INFO] - fabric-object-builder-api-v1: 15.2.0+a551f7a4d1
[00:03:22] [main/INFO] - fabric-particles-v1: 4.0.2+6573ed8cd1
[00:03:22] [main/INFO] - fabric-permissions-api-v0: 0.3.1
[00:03:22] [main/INFO] - fabric-recipe-api-v1: 5.0.12+65089712d1
[00:03:22] [main/INFO] - fabric-registry-sync-v0: 5.1.2+60c3209bd1
[00:03:22] [main/INFO] - fabric-rendering-data-attachment-v1: 0.3.48+73761d2ed1
[00:03:22] [main/INFO] - fabric-rendering-fluids-v1: 3.1.6+b5597344d1
[00:03:22] [main/INFO] - fabric-resource-conditions-api-v1: 4.3.0+8dc279b1d1
[00:03:22] [main/INFO] - fabric-resource-loader-v0: 1.3.0+56599129d1
[00:03:22] [main/INFO] - fabric-screen-handler-api-v1: 1.3.86+b5597344d1
[00:03:22] [main/INFO] - fabric-transfer-api-v1: 5.1.16+3dccd343d1
[00:03:22] [main/INFO] - fabric-transitive-access-wideners-v1: 6.1.0+176f9036d1
[00:03:22] [main/INFO] - fabricloader: 0.16.14
[00:03:22] [main/INFO] - fabricshieldlib: 1.7.2-1.21.1
[00:03:22] [main/INFO] - farmersdelight: 1.21.1-3.1.2+refabricated
[00:03:22] [main/INFO] - faster-random: 5.1.0
[00:03:22] [main/INFO] - ferritecore: 7.0.0
[00:03:22] [main/INFO] - forgeconfigapiport: 21.0.8
[00:03:22] [main/INFO] - geckolib: 4.5.8
[00:03:22] [main/INFO] - glitchcore: 2.0.0.3
[00:03:22] [main/INFO] - gravestones: 1.0.9
[00:03:22] [main/INFO] - immersive_optimization: 0.0.5
[00:03:22] [main/INFO] - inventory-organizer: 1.2.22-a
[00:03:22] [main/INFO] - java: 21
[00:03:22] [main/INFO] - journeymap: 1.21-6.0.0-beta.27
[00:03:22] [main/INFO] - journeymap-api-fabric: 2.0.0-1.21-SNAPSHOT
[00:03:22] [main/INFO] - justhammers: 21.0.3
[00:03:22] [main/INFO] - kiss: 0.3.1
[00:03:22] [main/INFO] - krypton: 0.2.8
[00:03:22] [main/INFO] - ksyxis: 1.3.3
[00:03:22] [main/INFO] - kuma_api: 21.0.5-SNAPSHOT
[00:03:22] [main/INFO] - kyrptconfig: 1.6.1-1.20.4
[00:03:22] [main/INFO] - leavesbegone: 21.0.0
[00:03:22] [main/INFO] - lithium: 0.13.1
[00:03:22] [main/INFO] - lithostitched: 1.4.2
[00:03:22] [main/INFO] - mcwdoors: 1.1.2
[00:03:22] [main/INFO] - mcwfurnitures: 3.3.0
[00:03:22] [main/INFO] - mcwlights: 1.1.1
[00:03:22] [main/INFO] - mcwpaintings: 1.0.5
[00:03:22] [main/INFO] - mcwwindows: 2.3.2
[00:03:22] [main/INFO] - midnightlib: 1.5.8
[00:03:22] [main/INFO] - minecraft: 1.21
[00:03:22] [main/INFO] - mixinextras: 0.4.1
[00:03:22] [main/INFO] - mm: 2.3
[00:03:22] [main/INFO] - mob-ai-tweaks: 1.7.7
[00:03:22] [main/INFO] - modernfix: 5.19.1+mc1.21
[00:03:22] [main/INFO] - moredelight: 25.3.27-1.21-fabric
[00:03:22] [main/INFO] - moremobvariants: 1.3.1.1
[00:03:22] [main/INFO] - mr_dungeons_andtaverns: 1-v4.4.4
[00:03:22] [main/INFO] - mr_gamingbarns_guns: 1-V1.23-data
[00:03:22] [main/INFO] - mr_lukis_grandcapitals: 1.1.1
[00:03:22] [main/INFO] - mr_qraftyfied: 9.1.1
[00:03:22] [main/INFO] - mvs: 4.2.8-1.21-fabric
[00:03:22] [main/INFO] - net_jodah_typetools: 0.6.3
[00:03:22] [main/INFO] - net_objecthunter_exp4j: 0.4.8
[00:03:22] [main/INFO] - net_snackbag_shit_shit: 1.2.3
[00:03:22] [main/INFO] - noisium: 2.3.0+mc1.21-1.21.1
[00:03:22] [main/INFO] - org_javassist_javassist: 3.29.2-GA
[00:03:22] [main/INFO] - org_reflections_reflections: 0.10.2
[00:03:22] [main/INFO] - org_threadly_threadly: 7.0
[00:03:22] [main/INFO] - org_yaml_snakeyaml: 2.2
[00:03:22] [main/INFO] - placeholder-api: 2.4.0+1.21
[00:03:22] [main/INFO] - pneumonocore: 1.1.6
[00:03:22] [main/INFO] - pointblank: 1.9.6
[00:03:22] [main/INFO] - puzzleslib: 21.0.28
[00:03:22] [main/INFO] - resourcefulconfig: 3.0.10
[00:03:22] [main/INFO] - resourcefullib: 3.0.12
[00:03:22] [main/INFO] - roughlyenoughitems: 16.0.799
[00:03:22] [main/INFO] - scalablelux: 0.1.0+fabric.26c6e72
[00:03:22] [main/INFO] - servercore: 1.5.4+1.21
[00:03:22] [main/INFO] - simple_snowy_fix: 2.1.3
[00:03:22] [main/INFO] - smartbrainlib: 1.14.5
[00:03:22] [main/INFO] - space_arim_dazzleconf_dazzleconf-core: 1.3.0-M2
[00:03:22] [main/INFO] - space_arim_dazzleconf_dazzleconf-ext-snakeyaml: 1.3.0-M2
[00:03:22] [main/INFO] - spark: 1.10.109
[00:03:22] [main/INFO] - t_and_t: 1.13.2
[00:03:22] [main/INFO] - tectonic: 2.4.3
[00:03:22] [main/INFO] - terrablender: 4.0.0.2
[00:03:22] [main/INFO] - terralith: 2.5.8
[00:03:22] [main/INFO] - threadtweak: 0.1.4+mc1.21
[00:03:22] [main/INFO] - toughasnails: 10.0.0.12
[00:03:22] [main/INFO] - trashslot: 21.1.2
[00:03:22] [main/INFO] - treeharvester: 9.1
[00:03:22] [main/INFO] - trinkets: 3.10.0
[00:03:22] [main/INFO] - tt20: 0.7.1
[00:03:22] [main/INFO] - usefulbackpacks: ${version}
[00:03:22] [main/INFO] - uteamcore: 5.6.0.328
[00:03:22] [main/INFO] - villagespawnpoint: 4.5
[00:03:22] [main/INFO] - vmp: 0.2.0+beta.7.172+1.21.1
[00:03:22] [main/INFO] - yungsapi: 1.21.1-Fabric-5.1.3
[00:03:22] [main/INFO] ========================================
[00:03:22] [main/INFO] [REI] Registered plugin provider ServerREIPlugin [farmersdelight] for REIPlugin
[00:03:22] [main/INFO] [REI] Registered plugin provider DefaultPlugin [roughlyenoughitems] for REIPlugin
[00:03:22] [main/INFO] [REI] Registered plugin provider DefaultRuntimePlugin [roughlyenoughitems] for REIPlugin
[00:03:22] [main/INFO] [REI] Registered plugin provider ServerREIPlugin [farmersdelight] for REIServerPlugin
[00:03:22] [main/INFO] [REI] Registered plugin provider DefaultPlugin [roughlyenoughitems] for REIServerPlugin
[00:03:22] [main/INFO] [REI] Registered plugin provider DefaultRuntimePlugin [roughlyenoughitems] for REIServerPlugin
[00:03:22] [main/INFO] [REI] Registered plugin provider FabricFluidAPISupportPlugin for REIServerPlugin
[00:03:22] [main/INFO] [REI] Registered plugin provider FabricFluidAPISupportPlugin for REIPlugin
[00:03:26] [Worker-Main-1/DEBUG] [REI] Processed 0 tags in 5.010 μs for minecraft:dimension_type
[00:03:26] [Worker-Main-2/DEBUG] [REI] Processed 0 tags in 31.43 μs for minecraft:worldgen/structure_set
[00:03:26] [Worker-Main-2/DEBUG] [REI] Processed 0 tags in 5.360 μs for minecraft:worldgen/template_pool
[00:03:26] [Worker-Main-3/DEBUG] [REI] Processed 0 tags in 7.113 μs for minecraft:banner_pattern
[00:03:26] [Worker-Main-1/DEBUG] [REI] Processed 0 tags in 4.849 μs for minecraft:worldgen/flat_level_generator_preset
[00:03:26] [Worker-Main-4/DEBUG] [REI] Processed 3 tags in 453.0 μs for minecraft:instrument
[00:03:26] [Worker-Main-1/DEBUG] [REI] Processed 5 tags in 120.6 μs for minecraft:game_event
[00:03:26] [Worker-Main-4/DEBUG] [REI] Processed 0 tags in 3.717 μs for minecraft:trim_material
[00:03:26] [Worker-Main-2/DEBUG] [REI] Processed 0 tags in 23.91 μs for minecraft:enchantment
[00:03:26] [Worker-Main-1/DEBUG] [REI] Processed 0 tags in 43.50 μs for minecraft:worldgen/structure
[00:03:26] [Worker-Main-3/DEBUG] [REI] Processed 7 tags in 28.83 μs for minecraft:fluid
[00:03:26] [Worker-Main-1/DEBUG] [REI] Processed 0 tags in 3.928 μs for minecraft:worldgen/processor_list
[00:03:26] [Worker-Main-2/DEBUG] [REI] Processed 3 tags in 24.65 μs for minecraft:point_of_interest_type
[00:03:26] [Worker-Main-1/DEBUG] [REI] Processed 1 tags in 13.07 μs for minecraft:mob_effect
[00:03:26] [Worker-Main-2/DEBUG] [REI] Processed 0 tags in 4.809 μs for minecraft:worldgen/world_preset
[00:03:26] [Worker-Main-1/DEBUG] [REI] Processed 65 tags in 531.1 μs for minecraft:entity_type
[00:03:26] [Worker-Main-3/DEBUG] [REI] Processed 0 tags in 18.65 μs for minecraft:damage_type
[00:03:26] [Worker-Main-3/DEBUG] [REI] Processed 0 tags in 4.919 μs for minecraft:painting_variant
[00:03:26] [Worker-Main-1/DEBUG] [REI] Processed 2 tags in 17.70 μs for minecraft:cat_variant
[00:03:26] [Worker-Main-4/DEBUG] [REI] Processed 503 tags in 6.274 ms for minecraft:item
[00:03:26] [Worker-Main-2/DEBUG] [REI] Processed 0 tags in 3.184 ms for minecraft:worldgen/biome
[00:03:26] [Worker-Main-3/DEBUG] [REI] Processed 436 tags in 11.71 ms for minecraft:block
[00:03:27] [main/DEBUG] [REI] Starting Reload Plugins of stage null
java.lang.Throwable
	at knot//me.shedaniel.rei.impl.common.plugins.ReloadManagerImpl.reloadPlugins(ReloadManagerImpl.java:110)
	at knot//me.shedaniel.rei.RoughlyEnoughItemsCore.lambda$onInitialize$5(RoughlyEnoughItemsCore.java:163)
	at java.base/java.util.concurrent.CompletableFuture$UniRun.tryFire(CompletableFuture.java:787)
	at java.base/java.util.concurrent.CompletableFuture$Completion.run(CompletableFuture.java:482)
	at knot//net.minecraft.class_4014.method_18365(class_4014.java:69)
	at knot//net.minecraft.class_156.method_43498(class_156.java:1024)
	at knot//net.minecraft.class_156.method_43499(class_156.java:1012)
	at knot//net.minecraft.server.Main.main(Main.java:182)
	at net.fabricmc.loader.impl.game.minecraft.MinecraftGameProvider.launch(MinecraftGameProvider.java:480)
	at net.fabricmc.loader.impl.launch.knot.Knot.launch(Knot.java:74)
	at net.fabricmc.loader.impl.launch.knot.KnotServer.main(KnotServer.java:23)
	at net.fabricmc.loader.impl.launch.server.FabricServerLauncher.main(FabricServerLauncher.java:69)
	at net.fabricmc.installer.ServerLauncher.main(ServerLauncher.java:69)
[00:03:27] [main/DEBUG] [REI] ========================================
[00:03:27] [main/DEBUG] [REI] REIPlugin starting pre-reload for START.
[00:03:27] [main/DEBUG] [REI] Reloadables (7):
[00:03:27] [main/DEBUG] [REI]  - EntryTypeRegistryImpl
[00:03:27] [main/DEBUG] [REI]  - EntrySettingsAdapterRegistryImpl
[00:03:27] [main/DEBUG] [REI]  - RecipeManagerContextImpl
[00:03:27] [main/DEBUG] [REI]  - ItemComparatorRegistryImpl
[00:03:27] [main/DEBUG] [REI]  - FluidComparatorRegistryImpl
[00:03:27] [main/DEBUG] [REI]  - DisplaySerializerRegistryImpl
[00:03:27] [main/DEBUG] [REI]  - FluidSupportProviderImpl
[00:03:27] [main/DEBUG] [REI] Plugins (4):
[00:03:27] [main/DEBUG] [REI]  - (-100.00) DefaultPlugin of DefaultPlugin [roughlyenoughitems]
[00:03:27] [main/DEBUG] [REI]  - (0.00) FabricFluidAPISupportPlugin
[00:03:27] [main/DEBUG] [REI]  - (0.00) DefaultRuntimePlugin of DefaultRuntimePlugin [roughlyenoughitems]
[00:03:27] [main/DEBUG] [REI]  - (0.00) ServerREIPlugin of ServerREIPlugin [farmersdelight]
[00:03:27] [main/DEBUG] [REI] ========================================
[00:03:27] [main/TRACE] [REI] [REIPlugin START] Reloading Section: "pre-register/"
[00:03:27] [main/TRACE] [REI] [REIPlugin START] Reloading Section: "pre-register/DefaultPlugin of DefaultPlugin [roughlyenoughitems]/"
[00:03:27] [main/TRACE] [REI] [REIPlugin START] Reloading Section: "pre-register/DefaultPlugin of DefaultPlugin [roughlyenoughitems]/" done in 729.2 μs
[00:03:27] [main/TRACE] [REI] [REIPlugin START] Reloading Section: "pre-register/FabricFluidAPISupportPlugin/"
[00:03:27] [main/TRACE] [REI] [REIPlugin START] Reloading Section: "pre-register/FabricFluidAPISupportPlugin/" done in 78.40 μs
[00:03:27] [main/TRACE] [REI] [REIPlugin START] Reloading Section: "pre-register/DefaultRuntimePlugin of DefaultRuntimePlugin [roughlyenoughitems]/"
[00:03:27] [main/TRACE] [REI] [REIPlugin START] Reloading Section: "pre-register/DefaultRuntimePlugin of DefaultRuntimePlugin [roughlyenoughitems]/" done in 58.79 μs
[00:03:27] [main/TRACE] [REI] [REIPlugin START] Reloading Section: "pre-register/ServerREIPlugin of ServerREIPlugin [farmersdelight]/"
[00:03:27] [main/TRACE] [REI] [REIPlugin START] Reloading Section: "pre-register/ServerREIPlugin of ServerREIPlugin [farmersdelight]/" done in 44.30 μs
[00:03:27] [main/TRACE] [REI] [REIPlugin START] Reloading Section: "pre-register/" done in 8.976 ms
[00:03:27] [main/TRACE] [REI] [REIPlugin START] Reloading Section: "pre-stage/"
[00:03:27] [main/TRACE] [REI] [REIPlugin START] Reloading Section: "pre-stage/EntryTypeRegistryImpl/"
[00:03:27] [main/TRACE] [REI] [REIPlugin START] Reloading Section: "pre-stage/EntryTypeRegistryImpl/" done in 196.3 μs
[00:03:27] [main/TRACE] [REI] [REIPlugin START] Reloading Section: "pre-stage/EntrySettingsAdapterRegistryImpl/"
[00:03:27] [main/TRACE] [REI] [REIPlugin START] Reloading Section: "pre-stage/EntrySettingsAdapterRegistryImpl/" done in 38.59 μs
[00:03:27] [main/TRACE] [REI] [REIPlugin START] Reloading Section: "pre-stage/RecipeManagerContextImpl/"
[00:03:27] [main/TRACE] [REI] [REIPlugin START] Reloading Section: "pre-stage/RecipeManagerContextImpl/" done in 49.77 μs
[00:03:27] [main/TRACE] [REI] [REIPlugin START] Reloading Section: "pre-stage/ItemComparatorRegistryImpl/"
[00:03:27] [main/TRACE] [REI] [REIPlugin START] Reloading Section: "pre-stage/ItemComparatorRegistryImpl/" done in 45.80 μs
[00:03:27] [main/TRACE] [REI] [REIPlugin START] Reloading Section: "pre-stage/FluidComparatorRegistryImpl/"
[00:03:27] [main/TRACE] [REI] [REIPlugin START] Reloading Section: "pre-stage/FluidComparatorRegistryImpl/" done in 43.60 μs
[00:03:27] [main/TRACE] [REI] [REIPlugin START] Reloading Section: "pre-stage/DisplaySerializerRegistryImpl/"
[00:03:27] [main/TRACE] [REI] [REIPlugin START] Reloading Section: "pre-stage/DisplaySerializerRegistryImpl/" done in 60.18 μs
[00:03:27] [main/TRACE] [REI] [REIPlugin START] Reloading Section: "pre-stage/FluidSupportProviderImpl/"
[00:03:27] [main/TRACE] [REI] [REIPlugin START] Reloading Section: "pre-stage/FluidSupportProviderImpl/" done in 35.99 μs
[00:03:27] [main/TRACE] [REI] [REIPlugin START] Reloading Section: "pre-stage/" done in 1.138 ms
[00:03:27] [main/DEBUG] [REI] ========================================
[00:03:27] [main/DEBUG] [REI] REIPlugin finished pre-reload for START in 10.57 ms.
[00:03:27] [main/DEBUG] [REI] ========================================
[00:03:27] [main/DEBUG] [REI] ========================================
[00:03:27] [main/DEBUG] [REI] REIServerPlugin starting pre-reload for START.
[00:03:27] [main/DEBUG] [REI] Reloadables (2):
[00:03:27] [main/DEBUG] [REI]  - MenuInfoRegistryImpl
[00:03:27] [main/DEBUG] [REI]  - SlotAccessorRegistryImpl
[00:03:27] [main/DEBUG] [REI] Plugins (4):
[00:03:27] [main/DEBUG] [REI]  - (-100.00) DefaultPlugin of DefaultPlugin [roughlyenoughitems]
[00:03:27] [main/DEBUG] [REI]  - (0.00) FabricFluidAPISupportPlugin
[00:03:27] [main/DEBUG] [REI]  - (0.00) DefaultRuntimePlugin of DefaultRuntimePlugin [roughlyenoughitems]
[00:03:27] [main/DEBUG] [REI]  - (0.00) ServerREIPlugin of ServerREIPlugin [farmersdelight]
[00:03:27] [main/DEBUG] [REI] ========================================
[00:03:27] [main/TRACE] [REI] [REIServerPlugin START] Reloading Section: "pre-register/"
[00:03:27] [main/TRACE] [REI] [REIServerPlugin START] Reloading Section: "pre-register/DefaultPlugin of DefaultPlugin [roughlyenoughitems]/"
[00:03:27] [main/TRACE] [REI] [REIServerPlugin START] Reloading Section: "pre-register/DefaultPlugin of DefaultPlugin [roughlyenoughitems]/" done in 37.62 μs
[00:03:27] [main/TRACE] [REI] [REIServerPlugin START] Reloading Section: "pre-register/FabricFluidAPISupportPlugin/"
[00:03:27] [main/TRACE] [REI] [REIServerPlugin START] Reloading Section: "pre-register/FabricFluidAPISupportPlugin/" done in 57.90 μs
[00:03:27] [main/TRACE] [REI] [REIServerPlugin START] Reloading Section: "pre-register/DefaultRuntimePlugin of DefaultRuntimePlugin [roughlyenoughitems]/"
[00:03:27] [main/TRACE] [REI] [REIServerPlugin START] Reloading Section: "pre-register/DefaultRuntimePlugin of DefaultRuntimePlugin [roughlyenoughitems]/" done in 43.00 μs
[00:03:27] [main/TRACE] [REI] [REIServerPlugin START] Reloading Section: "pre-register/ServerREIPlugin of ServerREIPlugin [farmersdelight]/"
[00:03:27] [main/TRACE] [REI] [REIServerPlugin START] Reloading Section: "pre-register/ServerREIPlugin of ServerREIPlugin [farmersdelight]/" done in 41.04 μs
[00:03:27] [main/TRACE] [REI] [REIServerPlugin START] Reloading Section: "pre-register/" done in 561.6 μs
[00:03:27] [main/TRACE] [REI] [REIServerPlugin START] Reloading Section: "pre-stage/"
[00:03:27] [main/TRACE] [REI] [REIServerPlugin START] Reloading Section: "pre-stage/MenuInfoRegistryImpl/"
[00:03:27] [main/TRACE] [REI] [REIServerPlugin START] Reloading Section: "pre-stage/MenuInfoRegistryImpl/" done in 39.16 μs
[00:03:27] [main/TRACE] [REI] [REIServerPlugin START] Reloading Section: "pre-stage/SlotAccessorRegistryImpl/"
[00:03:27] [main/TRACE] [REI] [REIServerPlugin START] Reloading Section: "pre-stage/SlotAccessorRegistryImpl/" done in 48.38 μs
[00:03:27] [main/TRACE] [REI] [REIServerPlugin START] Reloading Section: "pre-stage/" done in 299.7 μs
[00:03:27] [main/DEBUG] [REI] ========================================
[00:03:27] [main/DEBUG] [REI] REIServerPlugin finished pre-reload for START in 994.3 μs.
[00:03:27] [main/DEBUG] [REI] ========================================
[00:03:27] [main/INFO] [REI] @@@@@@@@@@@@@@@@@@@@@@@@@@@@@@@@@@@@@@@@
[00:03:27] [main/INFO] [REI] REIPlugin starting main-reload for START.
[00:03:27] [main/DEBUG] [REI] Reloadables (7):
[00:03:27] [main/DEBUG] [REI]  - EntryTypeRegistryImpl
[00:03:27] [main/DEBUG] [REI]  - EntrySettingsAdapterRegistryImpl
[00:03:27] [main/DEBUG] [REI]  - RecipeManagerContextImpl
[00:03:27] [main/DEBUG] [REI]  - ItemComparatorRegistryImpl
[00:03:27] [main/DEBUG] [REI]  - FluidComparatorRegistryImpl
[00:03:27] [main/DEBUG] [REI]  - DisplaySerializerRegistryImpl
[00:03:27] [main/DEBUG] [REI]  - FluidSupportProviderImpl
[00:03:27] [main/INFO] [REI] Plugins (4):
[00:03:27] [main/INFO] [REI]  - (-100.00) DefaultPlugin of DefaultPlugin [roughlyenoughitems]
[00:03:27] [main/INFO] [REI]  - (0.00) FabricFluidAPISupportPlugin
[00:03:27] [main/INFO] [REI]  - (0.00) DefaultRuntimePlugin of DefaultRuntimePlugin [roughlyenoughitems]
[00:03:27] [main/INFO] [REI]  - (0.00) ServerREIPlugin of ServerREIPlugin [farmersdelight]
[00:03:27] [main/INFO] [REI] @@@@@@@@@@@@@@@@@@@@@@@@@@@@@@@@@@@@@@@@
[00:03:27] [main/TRACE] [REI] [REIPlugin START] Reloading Section: "start-reload/"
[00:03:27] [main/TRACE] [REI] [REIPlugin START] Reloading Section: "start-reload/EntryTypeRegistryImpl/"
[00:03:27] [main/TRACE] [REI] [REIPlugin START] Reloading Section: "start-reload/EntryTypeRegistryImpl/" done in 89.99 μs
[00:03:27] [main/TRACE] [REI] [REIPlugin START] Reloading Section: "start-reload/EntrySettingsAdapterRegistryImpl/"
[00:03:27] [main/TRACE] [REI] [REIPlugin START] Reloading Section: "start-reload/EntrySettingsAdapterRegistryImpl/" done in 55.88 μs
[00:03:27] [main/TRACE] [REI] [REIPlugin START] Reloading Section: "start-reload/RecipeManagerContextImpl/"
[00:03:27] [main/TRACE] [REI] [REIPlugin START] Reloading Section: "start-reload/RecipeManagerContextImpl/" done in 64.84 μs
[00:03:27] [main/TRACE] [REI] [REIPlugin START] Reloading Section: "start-reload/ItemComparatorRegistryImpl/"
[00:03:27] [main/TRACE] [REI] [REIPlugin START] Reloading Section: "start-reload/ItemComparatorRegistryImpl/" done in 67.83 μs
[00:03:27] [main/TRACE] [REI] [REIPlugin START] Reloading Section: "start-reload/FluidComparatorRegistryImpl/"
[00:03:27] [main/TRACE] [REI] [REIPlugin START] Reloading Section: "start-reload/FluidComparatorRegistryImpl/" done in 44.33 μs
[00:03:27] [main/TRACE] [REI] [REIPlugin START] Reloading Section: "start-reload/DisplaySerializerRegistryImpl/"
[00:03:27] [main/TRACE] [REI] [REIPlugin START] Reloading Section: "start-reload/DisplaySerializerRegistryImpl/" done in 34.99 μs
[00:03:27] [main/TRACE] [REI] [REIPlugin START] Reloading Section: "start-reload/FluidSupportProviderImpl/"
[00:03:27] [main/TRACE] [REI] [REIPlugin START] Reloading Section: "start-reload/FluidSupportProviderImpl/" done in 39.24 μs
[00:03:27] [main/TRACE] [REI] [REIPlugin START] Reloading Section: "start-reload/" done in 1.045 ms
[00:03:27] [main/DEBUG] [REI] ========================================
[00:03:27] [main/DEBUG] [REI] REIPlugin started main-reload for START.
[00:03:27] [main/DEBUG] [REI] ========================================
[00:03:27] [main/TRACE] [REI] [REIPlugin START] Reloading Section: "reloadable-plugin/EntryTypeRegistryImpl/"
[00:03:27] [main/TRACE] [REI] [REIPlugin START] Reloading Section: "reloadable-plugin/EntryTypeRegistryImpl/DefaultPlugin of DefaultPlugin [roughlyenoughitems]/"
[00:03:27] [main/TRACE] [REI] [REIPlugin START] Reloading Section: "reloadable-plugin/EntryTypeRegistryImpl/DefaultPlugin of DefaultPlugin [roughlyenoughitems]/" done in 215.1 μs
[00:03:27] [main/TRACE] [REI] [REIPlugin START] Reloading Section: "reloadable-plugin/EntryTypeRegistryImpl/FabricFluidAPISupportPlugin/"
[00:03:27] [main/TRACE] [REI] [REIPlugin START] Reloading Section: "reloadable-plugin/EntryTypeRegistryImpl/FabricFluidAPISupportPlugin/" done in 39.97 μs
[00:03:27] [main/TRACE] [REI] [REIPlugin START] Reloading Section: "reloadable-plugin/EntryTypeRegistryImpl/DefaultRuntimePlugin of DefaultRuntimePlugin [roughlyenoughitems]/"
[00:03:27] [main/TRACE] [REI] [REIPlugin START] Reloading Section: "reloadable-plugin/EntryTypeRegistryImpl/DefaultRuntimePlugin of DefaultRuntimePlugin [roughlyenoughitems]/" done in 6.470 ms
[00:03:27] [main/TRACE] [REI] [REIPlugin START] Reloading Section: "reloadable-plugin/EntryTypeRegistryImpl/ServerREIPlugin of ServerREIPlugin [farmersdelight]/"
[00:03:27] [main/TRACE] [REI] [REIPlugin START] Reloading Section: "reloadable-plugin/EntryTypeRegistryImpl/ServerREIPlugin of ServerREIPlugin [farmersdelight]/" done in 50.45 μs
[00:03:27] [main/TRACE] [REI] [REIPlugin START] Reloading Section: "reloadable-plugin/EntryTypeRegistryImpl/" done in 7.816 ms
[00:03:27] [main/TRACE] [REI] [REIPlugin START] Reloading Section: "reloadable-plugin/EntrySettingsAdapterRegistryImpl/"
[00:03:27] [main/TRACE] [REI] [REIPlugin START] Reloading Section: "reloadable-plugin/EntrySettingsAdapterRegistryImpl/DefaultPlugin of DefaultPlugin [roughlyenoughitems]/"
[00:03:27] [main/TRACE] [REI] [REIPlugin START] Reloading Section: "reloadable-plugin/EntrySettingsAdapterRegistryImpl/DefaultPlugin of DefaultPlugin [roughlyenoughitems]/" done in 39.84 μs
[00:03:27] [main/TRACE] [REI] [REIPlugin START] Reloading Section: "reloadable-plugin/EntrySettingsAdapterRegistryImpl/FabricFluidAPISupportPlugin/"
[00:03:27] [main/TRACE] [REI] [REIPlugin START] Reloading Section: "reloadable-plugin/EntrySettingsAdapterRegistryImpl/FabricFluidAPISupportPlugin/" done in 50.26 μs
[00:03:27] [main/TRACE] [REI] [REIPlugin START] Reloading Section: "reloadable-plugin/EntrySettingsAdapterRegistryImpl/DefaultRuntimePlugin of DefaultRuntimePlugin [roughlyenoughitems]/"
[00:03:27] [main/TRACE] [REI] [REIPlugin START] Reloading Section: "reloadable-plugin/EntrySettingsAdapterRegistryImpl/DefaultRuntimePlugin of DefaultRuntimePlugin [roughlyenoughitems]/" done in 57.38 μs
[00:03:27] [main/TRACE] [REI] [REIPlugin START] Reloading Section: "reloadable-plugin/EntrySettingsAdapterRegistryImpl/ServerREIPlugin of ServerREIPlugin [farmersdelight]/"
[00:03:27] [main/TRACE] [REI] [REIPlugin START] Reloading Section: "reloadable-plugin/EntrySettingsAdapterRegistryImpl/ServerREIPlugin of ServerREIPlugin [farmersdelight]/" done in 49.88 μs
[00:03:27] [main/TRACE] [REI] [REIPlugin START] Reloading Section: "reloadable-plugin/EntrySettingsAdapterRegistryImpl/" done in 616.3 μs
[00:03:27] [main/TRACE] [REI] [REIPlugin START] Reloading Section: "reloadable-plugin/RecipeManagerContextImpl/"
[00:03:27] [main/TRACE] [REI] [REIPlugin START] Reloading Section: "reloadable-plugin/RecipeManagerContextImpl/DefaultPlugin of DefaultPlugin [roughlyenoughitems]/"
[00:03:27] [main/TRACE] [REI] [REIPlugin START] Reloading Section: "reloadable-plugin/RecipeManagerContextImpl/DefaultPlugin of DefaultPlugin [roughlyenoughitems]/" done in 45.99 μs
[00:03:27] [main/TRACE] [REI] [REIPlugin START] Reloading Section: "reloadable-plugin/RecipeManagerContextImpl/FabricFluidAPISupportPlugin/"
[00:03:27] [main/TRACE] [REI] [REIPlugin START] Reloading Section: "reloadable-plugin/RecipeManagerContextImpl/FabricFluidAPISupportPlugin/" done in 46.68 μs
[00:03:27] [main/TRACE] [REI] [REIPlugin START] Reloading Section: "reloadable-plugin/RecipeManagerContextImpl/DefaultRuntimePlugin of DefaultRuntimePlugin [roughlyenoughitems]/"
[00:03:27] [main/TRACE] [REI] [REIPlugin START] Reloading Section: "reloadable-plugin/RecipeManagerContextImpl/DefaultRuntimePlugin of DefaultRuntimePlugin [roughlyenoughitems]/" done in 46.20 μs
[00:03:27] [main/TRACE] [REI] [REIPlugin START] Reloading Section: "reloadable-plugin/RecipeManagerContextImpl/ServerREIPlugin of ServerREIPlugin [farmersdelight]/"
[00:03:27] [main/TRACE] [REI] [REIPlugin START] Reloading Section: "reloadable-plugin/RecipeManagerContextImpl/ServerREIPlugin of ServerREIPlugin [farmersdelight]/" done in 40.72 μs
[00:03:27] [main/TRACE] [REI] [REIPlugin START] Reloading Section: "reloadable-plugin/RecipeManagerContextImpl/" done in 690.2 μs
[00:03:27] [main/TRACE] [REI] [REIPlugin START] Reloading Section: "reloadable-plugin/ItemComparatorRegistryImpl/"
[00:03:27] [main/TRACE] [REI] [REIPlugin START] Reloading Section: "reloadable-plugin/ItemComparatorRegistryImpl/DefaultPlugin of DefaultPlugin [roughlyenoughitems]/"
[00:03:27] [main/TRACE] [REI] [REIPlugin START] Reloading Section: "reloadable-plugin/ItemComparatorRegistryImpl/DefaultPlugin of DefaultPlugin [roughlyenoughitems]/" done in 632.8 μs
[00:03:27] [main/TRACE] [REI] [REIPlugin START] Reloading Section: "reloadable-plugin/ItemComparatorRegistryImpl/FabricFluidAPISupportPlugin/"
[00:03:27] [main/TRACE] [REI] [REIPlugin START] Reloading Section: "reloadable-plugin/ItemComparatorRegistryImpl/FabricFluidAPISupportPlugin/" done in 56.37 μs
[00:03:27] [main/TRACE] [REI] [REIPlugin START] Reloading Section: "reloadable-plugin/ItemComparatorRegistryImpl/DefaultRuntimePlugin of DefaultRuntimePlugin [roughlyenoughitems]/"
[00:03:27] [main/TRACE] [REI] [REIPlugin START] Reloading Section: "reloadable-plugin/ItemComparatorRegistryImpl/DefaultRuntimePlugin of DefaultRuntimePlugin [roughlyenoughitems]/" done in 48.53 μs
[00:03:27] [main/TRACE] [REI] [REIPlugin START] Reloading Section: "reloadable-plugin/ItemComparatorRegistryImpl/ServerREIPlugin of ServerREIPlugin [farmersdelight]/"
[00:03:27] [main/TRACE] [REI] [REIPlugin START] Reloading Section: "reloadable-plugin/ItemComparatorRegistryImpl/ServerREIPlugin of ServerREIPlugin [farmersdelight]/" done in 44.19 μs
[00:03:27] [main/TRACE] [REI] [REIPlugin START] Reloading Section: "reloadable-plugin/ItemComparatorRegistryImpl/" done in 1.250 ms
[00:03:27] [main/TRACE] [REI] [REIPlugin START] Reloading Section: "reloadable-plugin/FluidComparatorRegistryImpl/"
[00:03:27] [main/TRACE] [REI] [REIPlugin START] Reloading Section: "reloadable-plugin/FluidComparatorRegistryImpl/DefaultPlugin of DefaultPlugin [roughlyenoughitems]/"
[00:03:27] [main/TRACE] [REI] [REIPlugin START] Reloading Section: "reloadable-plugin/FluidComparatorRegistryImpl/DefaultPlugin of DefaultPlugin [roughlyenoughitems]/" done in 41.61 μs
[00:03:27] [main/TRACE] [REI] [REIPlugin START] Reloading Section: "reloadable-plugin/FluidComparatorRegistryImpl/FabricFluidAPISupportPlugin/"
[00:03:27] [main/TRACE] [REI] [REIPlugin START] Reloading Section: "reloadable-plugin/FluidComparatorRegistryImpl/FabricFluidAPISupportPlugin/" done in 55.85 μs
[00:03:27] [main/TRACE] [REI] [REIPlugin START] Reloading Section: "reloadable-plugin/FluidComparatorRegistryImpl/DefaultRuntimePlugin of DefaultRuntimePlugin [roughlyenoughitems]/"
[00:03:27] [main/TRACE] [REI] [REIPlugin START] Reloading Section: "reloadable-plugin/FluidComparatorRegistryImpl/DefaultRuntimePlugin of DefaultRuntimePlugin [roughlyenoughitems]/" done in 52.21 μs
[00:03:27] [main/TRACE] [REI] [REIPlugin START] Reloading Section: "reloadable-plugin/FluidComparatorRegistryImpl/ServerREIPlugin of ServerREIPlugin [farmersdelight]/"
[00:03:27] [main/TRACE] [REI] [REIPlugin START] Reloading Section: "reloadable-plugin/FluidComparatorRegistryImpl/ServerREIPlugin of ServerREIPlugin [farmersdelight]/" done in 69.06 μs
[00:03:27] [main/TRACE] [REI] [REIPlugin START] Reloading Section: "reloadable-plugin/FluidComparatorRegistryImpl/" done in 608.8 μs
[00:03:27] [main/TRACE] [REI] [REIPlugin START] Reloading Section: "reloadable-plugin/DisplaySerializerRegistryImpl/"
[00:03:27] [main/TRACE] [REI] [REIPlugin START] Reloading Section: "reloadable-plugin/DisplaySerializerRegistryImpl/DefaultPlugin of DefaultPlugin [roughlyenoughitems]/"
[00:03:27] [main/TRACE] [REI] [REIPlugin START] Reloading Section: "reloadable-plugin/DisplaySerializerRegistryImpl/DefaultPlugin of DefaultPlugin [roughlyenoughitems]/" done in 47.46 μs
[00:03:27] [main/TRACE] [REI] [REIPlugin START] Reloading Section: "reloadable-plugin/DisplaySerializerRegistryImpl/FabricFluidAPISupportPlugin/"
[00:03:27] [main/TRACE] [REI] [REIPlugin START] Reloading Section: "reloadable-plugin/DisplaySerializerRegistryImpl/FabricFluidAPISupportPlugin/" done in 48.31 μs
[00:03:27] [main/TRACE] [REI] [REIPlugin START] Reloading Section: "reloadable-plugin/DisplaySerializerRegistryImpl/DefaultRuntimePlugin of DefaultRuntimePlugin [roughlyenoughitems]/"
[00:03:27] [main/TRACE] [REI] [REIPlugin START] Reloading Section: "reloadable-plugin/DisplaySerializerRegistryImpl/DefaultRuntimePlugin of DefaultRuntimePlugin [roughlyenoughitems]/" done in 34.24 μs
[00:03:27] [main/TRACE] [REI] [REIPlugin START] Reloading Section: "reloadable-plugin/DisplaySerializerRegistryImpl/ServerREIPlugin of ServerREIPlugin [farmersdelight]/"
[00:03:27] [main/TRACE] [REI] [REIPlugin START] Reloading Section: "reloadable-plugin/DisplaySerializerRegistryImpl/ServerREIPlugin of ServerREIPlugin [farmersdelight]/" done in 67.56 μs
[00:03:27] [main/TRACE] [REI] [REIPlugin START] Reloading Section: "reloadable-plugin/DisplaySerializerRegistryImpl/" done in 588.1 μs
[00:03:27] [main/TRACE] [REI] [REIPlugin START] Reloading Section: "reloadable-plugin/FluidSupportProviderImpl/"
[00:03:27] [main/TRACE] [REI] [REIPlugin START] Reloading Section: "reloadable-plugin/FluidSupportProviderImpl/DefaultPlugin of DefaultPlugin [roughlyenoughitems]/"
[00:03:27] [main/TRACE] [REI] [REIPlugin START] Reloading Section: "reloadable-plugin/FluidSupportProviderImpl/DefaultPlugin of DefaultPlugin [roughlyenoughitems]/" done in 356.2 μs
[00:03:27] [main/TRACE] [REI] [REIPlugin START] Reloading Section: "reloadable-plugin/FluidSupportProviderImpl/FabricFluidAPISupportPlugin/"
[00:03:27] [main/TRACE] [REI] [REIPlugin START] Reloading Section: "reloadable-plugin/FluidSupportProviderImpl/FabricFluidAPISupportPlugin/" done in 186.0 μs
[00:03:27] [main/TRACE] [REI] [REIPlugin START] Reloading Section: "reloadable-plugin/FluidSupportProviderImpl/DefaultRuntimePlugin of DefaultRuntimePlugin [roughlyenoughitems]/"
[00:03:27] [main/TRACE] [REI] [REIPlugin START] Reloading Section: "reloadable-plugin/FluidSupportProviderImpl/DefaultRuntimePlugin of DefaultRuntimePlugin [roughlyenoughitems]/" done in 55.69 μs
[00:03:27] [main/TRACE] [REI] [REIPlugin START] Reloading Section: "reloadable-plugin/FluidSupportProviderImpl/ServerREIPlugin of ServerREIPlugin [farmersdelight]/"
[00:03:27] [main/TRACE] [REI] [REIPlugin START] Reloading Section: "reloadable-plugin/FluidSupportProviderImpl/ServerREIPlugin of ServerREIPlugin [farmersdelight]/" done in 49.39 μs
[00:03:27] [main/TRACE] [REI] [REIPlugin START] Reloading Section: "reloadable-plugin/FluidSupportProviderImpl/" done in 1.148 ms
[00:03:27] [main/DEBUG] [REI] ========================================
[00:03:27] [main/DEBUG] [REI] REIPlugin ending main-reload for START.
[00:03:27] [main/DEBUG] [REI] ========================================
[00:03:27] [main/TRACE] [REI] [REIPlugin START] Reloading Section: "end-reload/"
[00:03:27] [main/TRACE] [REI] [REIPlugin START] Reloading Section: "end-reload/EntryTypeRegistryImpl/"
[00:03:27] [main/TRACE] [REI] [REIPlugin START] Reloading Section: "end-reload/EntryTypeRegistryImpl/" done in 57.16 μs
[00:03:27] [main/TRACE] [REI] [REIPlugin START] Reloading Section: "end-reload/EntrySettingsAdapterRegistryImpl/"
[00:03:27] [main/TRACE] [REI] [REIPlugin START] Reloading Section: "end-reload/EntrySettingsAdapterRegistryImpl/" done in 42.12 μs
[00:03:27] [main/TRACE] [REI] [REIPlugin START] Reloading Section: "end-reload/RecipeManagerContextImpl/"
[00:03:27] [main/TRACE] [REI] [REIPlugin START] Reloading Section: "end-reload/RecipeManagerContextImpl/" done in 38.42 μs
[00:03:27] [main/TRACE] [REI] [REIPlugin START] Reloading Section: "end-reload/ItemComparatorRegistryImpl/"
[00:03:27] [main/TRACE] [REI] [REIPlugin START] Reloading Section: "end-reload/ItemComparatorRegistryImpl/" done in 39.64 μs
[00:03:27] [main/TRACE] [REI] [REIPlugin START] Reloading Section: "end-reload/FluidComparatorRegistryImpl/"
[00:03:27] [main/TRACE] [REI] [REIPlugin START] Reloading Section: "end-reload/FluidComparatorRegistryImpl/" done in 34.44 μs
[00:03:27] [main/TRACE] [REI] [REIPlugin START] Reloading Section: "end-reload/DisplaySerializerRegistryImpl/"
[00:03:27] [main/TRACE] [REI] [REIPlugin START] Reloading Section: "end-reload/DisplaySerializerRegistryImpl/" done in 24.33 μs
[00:03:27] [main/TRACE] [REI] [REIPlugin START] Reloading Section: "end-reload/FluidSupportProviderImpl/"
[00:03:27] [main/TRACE] [REI] [REIPlugin START] Reloading Section: "end-reload/FluidSupportProviderImpl/" done in 23.98 μs
[00:03:27] [main/TRACE] [REI] [REIPlugin START] Reloading Section: "end-reload/" done in 792.8 μs
[00:03:27] [main/DEBUG] [REI] ========================================
[00:03:27] [main/DEBUG] [REI] REIPlugin ended main-reload for START in 17.71 ms.
[00:03:27] [main/DEBUG] [REI] ========================================
[00:03:27] [main/INFO] [REI] ~~~~~~~~~~~~~~~~~~~~~~~~~~~~~~~~~~~~~~~~
[00:03:27] [main/INFO] [REI] REIServerPlugin starting main-reload for START.
[00:03:27] [main/DEBUG] [REI] Reloadables (2):
[00:03:27] [main/DEBUG] [REI]  - MenuInfoRegistryImpl
[00:03:27] [main/DEBUG] [REI]  - SlotAccessorRegistryImpl
[00:03:27] [main/INFO] [REI] Plugins (4):
[00:03:27] [main/INFO] [REI]  - (-100.00) DefaultPlugin of DefaultPlugin [roughlyenoughitems]
[00:03:27] [main/INFO] [REI]  - (0.00) FabricFluidAPISupportPlugin
[00:03:27] [main/INFO] [REI]  - (0.00) DefaultRuntimePlugin of DefaultRuntimePlugin [roughlyenoughitems]
[00:03:27] [main/INFO] [REI]  - (0.00) ServerREIPlugin of ServerREIPlugin [farmersdelight]
[00:03:27] [main/INFO] [REI] ~~~~~~~~~~~~~~~~~~~~~~~~~~~~~~~~~~~~~~~~
[00:03:27] [main/TRACE] [REI] [REIServerPlugin START] Reloading Section: "start-reload/"
[00:03:27] [main/TRACE] [REI] [REIServerPlugin START] Reloading Section: "start-reload/MenuInfoRegistryImpl/"
[00:03:27] [main/TRACE] [REI] [REIServerPlugin START] Reloading Section: "start-reload/MenuInfoRegistryImpl/" done in 47.01 μs
[00:03:27] [main/TRACE] [REI] [REIServerPlugin START] Reloading Section: "start-reload/SlotAccessorRegistryImpl/"
[00:03:27] [main/TRACE] [REI] [REIServerPlugin START] Reloading Section: "start-reload/SlotAccessorRegistryImpl/" done in 43.53 μs
[00:03:27] [main/TRACE] [REI] [REIServerPlugin START] Reloading Section: "start-reload/" done in 326.4 μs
[00:03:27] [main/DEBUG] [REI] ========================================
[00:03:27] [main/DEBUG] [REI] REIServerPlugin started main-reload for START.
[00:03:27] [main/DEBUG] [REI] ========================================
[00:03:27] [main/TRACE] [REI] [REIServerPlugin START] Reloading Section: "reloadable-plugin/MenuInfoRegistryImpl/"
[00:03:27] [main/TRACE] [REI] [REIServerPlugin START] Reloading Section: "reloadable-plugin/MenuInfoRegistryImpl/DefaultPlugin of DefaultPlugin [roughlyenoughitems]/"
[00:03:27] [main/TRACE] [REI] [REIServerPlugin START] Reloading Section: "reloadable-plugin/MenuInfoRegistryImpl/DefaultPlugin of DefaultPlugin [roughlyenoughitems]/" done in 54.03 μs
[00:03:27] [main/TRACE] [REI] [REIServerPlugin START] Reloading Section: "reloadable-plugin/MenuInfoRegistryImpl/FabricFluidAPISupportPlugin/"
[00:03:27] [main/TRACE] [REI] [REIServerPlugin START] Reloading Section: "reloadable-plugin/MenuInfoRegistryImpl/FabricFluidAPISupportPlugin/" done in 50.27 μs
[00:03:27] [main/TRACE] [REI] [REIServerPlugin START] Reloading Section: "reloadable-plugin/MenuInfoRegistryImpl/DefaultRuntimePlugin of DefaultRuntimePlugin [roughlyenoughitems]/"
[00:03:27] [main/TRACE] [REI] [REIServerPlugin START] Reloading Section: "reloadable-plugin/MenuInfoRegistryImpl/DefaultRuntimePlugin of DefaultRuntimePlugin [roughlyenoughitems]/" done in 45.73 μs
[00:03:27] [main/TRACE] [REI] [REIServerPlugin START] Reloading Section: "reloadable-plugin/MenuInfoRegistryImpl/ServerREIPlugin of ServerREIPlugin [farmersdelight]/"
[00:03:27] [main/TRACE] [REI] [REIServerPlugin START] Reloading Section: "reloadable-plugin/MenuInfoRegistryImpl/ServerREIPlugin of ServerREIPlugin [farmersdelight]/" done in 56.69 μs
[00:03:27] [main/TRACE] [REI] [REIServerPlugin START] Reloading Section: "reloadable-plugin/MenuInfoRegistryImpl/" done in 587.4 μs
[00:03:27] [main/TRACE] [REI] [REIServerPlugin START] Reloading Section: "reloadable-plugin/SlotAccessorRegistryImpl/"
[00:03:27] [main/TRACE] [REI] [REIServerPlugin START] Reloading Section: "reloadable-plugin/SlotAccessorRegistryImpl/DefaultPlugin of DefaultPlugin [roughlyenoughitems]/"
[00:03:27] [main/TRACE] [REI] [REIServerPlugin START] Reloading Section: "reloadable-plugin/SlotAccessorRegistryImpl/DefaultPlugin of DefaultPlugin [roughlyenoughitems]/" done in 41.77 μs
[00:03:27] [main/TRACE] [REI] [REIServerPlugin START] Reloading Section: "reloadable-plugin/SlotAccessorRegistryImpl/FabricFluidAPISupportPlugin/"
[00:03:27] [main/TRACE] [REI] [REIServerPlugin START] Reloading Section: "reloadable-plugin/SlotAccessorRegistryImpl/FabricFluidAPISupportPlugin/" done in 35.32 μs
[00:03:27] [main/TRACE] [REI] [REIServerPlugin START] Reloading Section: "reloadable-plugin/SlotAccessorRegistryImpl/DefaultRuntimePlugin of DefaultRuntimePlugin [roughlyenoughitems]/"
[00:03:27] [main/TRACE] [REI] [REIServerPlugin START] Reloading Section: "reloadable-plugin/SlotAccessorRegistryImpl/DefaultRuntimePlugin of DefaultRuntimePlugin [roughlyenoughitems]/" done in 39.21 μs
[00:03:27] [main/TRACE] [REI] [REIServerPlugin START] Reloading Section: "reloadable-plugin/SlotAccessorRegistryImpl/ServerREIPlugin of ServerREIPlugin [farmersdelight]/"
[00:03:27] [main/TRACE] [REI] [REIServerPlugin START] Reloading Section: "reloadable-plugin/SlotAccessorRegistryImpl/ServerREIPlugin of ServerREIPlugin [farmersdelight]/" done in 29.58 μs
[00:03:27] [main/TRACE] [REI] [REIServerPlugin START] Reloading Section: "reloadable-plugin/SlotAccessorRegistryImpl/" done in 451.7 μs
[00:03:27] [main/DEBUG] [REI] ========================================
[00:03:27] [main/DEBUG] [REI] REIServerPlugin ending main-reload for START.
[00:03:27] [main/DEBUG] [REI] ========================================
[00:03:27] [main/TRACE] [REI] [REIServerPlugin START] Reloading Section: "end-reload/"
[00:03:27] [main/TRACE] [REI] [REIServerPlugin START] Reloading Section: "end-reload/MenuInfoRegistryImpl/"
[00:03:27] [main/TRACE] [REI] [REIServerPlugin START] Reloading Section: "end-reload/MenuInfoRegistryImpl/" done in 30.82 μs
[00:03:27] [main/TRACE] [REI] [REIServerPlugin START] Reloading Section: "end-reload/SlotAccessorRegistryImpl/"
[00:03:27] [main/TRACE] [REI] [REIServerPlugin START] Reloading Section: "end-reload/SlotAccessorRegistryImpl/" done in 28.88 μs
[00:03:27] [main/TRACE] [REI] [REIServerPlugin START] Reloading Section: "end-reload/" done in 190.1 μs
[00:03:27] [main/DEBUG] [REI] ========================================
[00:03:27] [main/DEBUG] [REI] REIServerPlugin ended main-reload for START in 3.696 ms.
[00:03:27] [main/DEBUG] [REI] ========================================
[00:03:27] [main/DEBUG] [REI] ========================================
[00:03:27] [main/DEBUG] [REI] REIPlugin starting post-reload for START.
[00:03:27] [main/DEBUG] [REI] Reloadables (7):
[00:03:27] [main/DEBUG] [REI]  - EntryTypeRegistryImpl
[00:03:27] [main/DEBUG] [REI]  - EntrySettingsAdapterRegistryImpl
[00:03:27] [main/DEBUG] [REI]  - RecipeManagerContextImpl
[00:03:27] [main/DEBUG] [REI]  - ItemComparatorRegistryImpl
[00:03:27] [main/DEBUG] [REI]  - FluidComparatorRegistryImpl
[00:03:27] [main/DEBUG] [REI]  - DisplaySerializerRegistryImpl
[00:03:27] [main/DEBUG] [REI]  - FluidSupportProviderImpl
[00:03:27] [main/DEBUG] [REI] Plugins (4):
[00:03:27] [main/DEBUG] [REI]  - (-100.00) DefaultPlugin of DefaultPlugin [roughlyenoughitems]
[00:03:27] [main/DEBUG] [REI]  - (0.00) FabricFluidAPISupportPlugin
[00:03:27] [main/DEBUG] [REI]  - (0.00) DefaultRuntimePlugin of DefaultRuntimePlugin [roughlyenoughitems]
[00:03:27] [main/DEBUG] [REI]  - (0.00) ServerREIPlugin of ServerREIPlugin [farmersdelight]
[00:03:27] [main/DEBUG] [REI] ========================================
[00:03:27] [main/TRACE] [REI] [REIPlugin START] Reloading Section: "post-register/"
[00:03:27] [main/TRACE] [REI] [REIPlugin START] Reloading Section: "post-register/DefaultPlugin of DefaultPlugin [roughlyenoughitems]/"
[00:03:27] [main/TRACE] [REI] [REIPlugin START] Reloading Section: "post-register/DefaultPlugin of DefaultPlugin [roughlyenoughitems]/" done in 187.3 μs
[00:03:27] [main/TRACE] [REI] [REIPlugin START] Reloading Section: "post-register/FabricFluidAPISupportPlugin/"
[00:03:27] [main/TRACE] [REI] [REIPlugin START] Reloading Section: "post-register/FabricFluidAPISupportPlugin/" done in 50.30 μs
[00:03:27] [main/TRACE] [REI] [REIPlugin START] Reloading Section: "post-register/DefaultRuntimePlugin of DefaultRuntimePlugin [roughlyenoughitems]/"
[00:03:27] [main/TRACE] [REI] [REIPlugin START] Reloading Section: "post-register/DefaultRuntimePlugin of DefaultRuntimePlugin [roughlyenoughitems]/" done in 47.45 μs
[00:03:27] [main/TRACE] [REI] [REIPlugin START] Reloading Section: "post-register/ServerREIPlugin of ServerREIPlugin [farmersdelight]/"
[00:03:27] [main/TRACE] [REI] [REIPlugin START] Reloading Section: "post-register/ServerREIPlugin of ServerREIPlugin [farmersdelight]/" done in 56.03 μs
[00:03:27] [main/TRACE] [REI] [REIPlugin START] Reloading Section: "post-register/" done in 951.7 μs
[00:03:27] [main/TRACE] [REI] [REIPlugin START] Reloading Section: "post-stage/"
[00:03:27] [main/TRACE] [REI] [REIPlugin START] Reloading Section: "post-stage/EntryTypeRegistryImpl/"
[00:03:27] [main/TRACE] [REI] [REIPlugin START] Reloading Section: "post-stage/EntryTypeRegistryImpl/" done in 46.37 μs
[00:03:27] [main/TRACE] [REI] [REIPlugin START] Reloading Section: "post-stage/EntrySettingsAdapterRegistryImpl/"
[00:03:27] [main/TRACE] [REI] [REIPlugin START] Reloading Section: "post-stage/EntrySettingsAdapterRegistryImpl/" done in 35.29 μs
[00:03:27] [main/TRACE] [REI] [REIPlugin START] Reloading Section: "post-stage/RecipeManagerContextImpl/"
[00:03:27] [main/TRACE] [REI] [REIPlugin START] Reloading Section: "post-stage/RecipeManagerContextImpl/" done in 34.09 μs
[00:03:27] [main/TRACE] [REI] [REIPlugin START] Reloading Section: "post-stage/ItemComparatorRegistryImpl/"
[00:03:27] [main/TRACE] [REI] [REIPlugin START] Reloading Section: "post-stage/ItemComparatorRegistryImpl/" done in 142.5 μs
[00:03:27] [main/TRACE] [REI] [REIPlugin START] Reloading Section: "post-stage/FluidComparatorRegistryImpl/"
[00:03:27] [main/TRACE] [REI] [REIPlugin START] Reloading Section: "post-stage/FluidComparatorRegistryImpl/" done in 40.32 μs
[00:03:27] [main/TRACE] [REI] [REIPlugin START] Reloading Section: "post-stage/DisplaySerializerRegistryImpl/"
[00:03:27] [main/TRACE] [REI] [REIPlugin START] Reloading Section: "post-stage/DisplaySerializerRegistryImpl/" done in 58.25 μs
[00:03:27] [main/TRACE] [REI] [REIPlugin START] Reloading Section: "post-stage/FluidSupportProviderImpl/"
[00:03:27] [main/TRACE] [REI] [REIPlugin START] Reloading Section: "post-stage/FluidSupportProviderImpl/" done in 52.75 μs
[00:03:27] [main/TRACE] [REI] [REIPlugin START] Reloading Section: "post-stage/" done in 993.5 μs
[00:03:27] [main/DEBUG] [REI] ========================================
[00:03:27] [main/INFO] [REI] REIPlugin finished post-reload for START in 2.081 ms, totaling 30.33 ms.
[00:03:27] [main/DEBUG] [REI] ========================================
[00:03:27] [main/DEBUG] [REI] ========================================
[00:03:27] [main/DEBUG] [REI] REIServerPlugin starting post-reload for START.
[00:03:27] [main/DEBUG] [REI] Reloadables (2):
[00:03:27] [main/DEBUG] [REI]  - MenuInfoRegistryImpl
[00:03:27] [main/DEBUG] [REI]  - SlotAccessorRegistryImpl
[00:03:27] [main/DEBUG] [REI] Plugins (4):
[00:03:27] [main/DEBUG] [REI]  - (-100.00) DefaultPlugin of DefaultPlugin [roughlyenoughitems]
[00:03:27] [main/DEBUG] [REI]  - (0.00) FabricFluidAPISupportPlugin
[00:03:27] [main/DEBUG] [REI]  - (0.00) DefaultRuntimePlugin of DefaultRuntimePlugin [roughlyenoughitems]
[00:03:27] [main/DEBUG] [REI]  - (0.00) ServerREIPlugin of ServerREIPlugin [farmersdelight]
[00:03:27] [main/DEBUG] [REI] ========================================
[00:03:27] [main/TRACE] [REI] [REIServerPlugin START] Reloading Section: "post-register/"
[00:03:27] [main/TRACE] [REI] [REIServerPlugin START] Reloading Section: "post-register/DefaultPlugin of DefaultPlugin [roughlyenoughitems]/"
[00:03:27] [main/TRACE] [REI] [REIServerPlugin START] Reloading Section: "post-register/DefaultPlugin of DefaultPlugin [roughlyenoughitems]/" done in 36.60 μs
[00:03:27] [main/TRACE] [REI] [REIServerPlugin START] Reloading Section: "post-register/FabricFluidAPISupportPlugin/"
[00:03:27] [main/TRACE] [REI] [REIServerPlugin START] Reloading Section: "post-register/FabricFluidAPISupportPlugin/" done in 69.55 μs
[00:03:27] [main/TRACE] [REI] [REIServerPlugin START] Reloading Section: "post-register/DefaultRuntimePlugin of DefaultRuntimePlugin [roughlyenoughitems]/"
[00:03:27] [main/TRACE] [REI] [REIServerPlugin START] Reloading Section: "post-register/DefaultRuntimePlugin of DefaultRuntimePlugin [roughlyenoughitems]/" done in 26.68 μs
[00:03:27] [main/TRACE] [REI] [REIServerPlugin START] Reloading Section: "post-register/ServerREIPlugin of ServerREIPlugin [farmersdelight]/"
[00:03:27] [main/TRACE] [REI] [REIServerPlugin START] Reloading Section: "post-register/ServerREIPlugin of ServerREIPlugin [farmersdelight]/" done in 32.69 μs
[00:03:27] [main/TRACE] [REI] [REIServerPlugin START] Reloading Section: "post-register/" done in 426.2 μs
[00:03:27] [main/TRACE] [REI] [REIServerPlugin START] Reloading Section: "post-stage/"
[00:03:27] [main/TRACE] [REI] [REIServerPlugin START] Reloading Section: "post-stage/MenuInfoRegistryImpl/"
[00:03:27] [main/TRACE] [REI] [REIServerPlugin START] Reloading Section: "post-stage/MenuInfoRegistryImpl/" done in 23.45 μs
[00:03:27] [main/TRACE] [REI] [REIServerPlugin START] Reloading Section: "post-stage/SlotAccessorRegistryImpl/"
[00:03:27] [main/TRACE] [REI] [REIServerPlugin START] Reloading Section: "post-stage/SlotAccessorRegistryImpl/" done in 21.31 μs
[00:03:27] [main/TRACE] [REI] [REIServerPlugin START] Reloading Section: "post-stage/" done in 159.7 μs
[00:03:27] [main/DEBUG] [REI] ========================================
[00:03:27] [main/INFO] [REI] REIServerPlugin finished post-reload for START in 662.5 μs, totaling 5.337 ms.
[00:03:27] [main/DEBUG] [REI] ========================================
[00:03:27] [main/DEBUG] [REI] ========================================
[00:03:27] [main/DEBUG] [REI] REIPlugin starting pre-reload for END.
[00:03:27] [main/DEBUG] [REI] Reloadables (7):
[00:03:27] [main/DEBUG] [REI]  - EntryTypeRegistryImpl
[00:03:27] [main/DEBUG] [REI]  - EntrySettingsAdapterRegistryImpl
[00:03:27] [main/DEBUG] [REI]  - RecipeManagerContextImpl
[00:03:27] [main/DEBUG] [REI]  - ItemComparatorRegistryImpl
[00:03:27] [main/DEBUG] [REI]  - FluidComparatorRegistryImpl
[00:03:27] [main/DEBUG] [REI]  - DisplaySerializerRegistryImpl
[00:03:27] [main/DEBUG] [REI]  - FluidSupportProviderImpl
[00:03:27] [main/DEBUG] [REI] Plugins (4):
[00:03:27] [main/DEBUG] [REI]  - (-100.00) DefaultPlugin of DefaultPlugin [roughlyenoughitems]
[00:03:27] [main/DEBUG] [REI]  - (0.00) FabricFluidAPISupportPlugin
[00:03:27] [main/DEBUG] [REI]  - (0.00) DefaultRuntimePlugin of DefaultRuntimePlugin [roughlyenoughitems]
[00:03:27] [main/DEBUG] [REI]  - (0.00) ServerREIPlugin of ServerREIPlugin [farmersdelight]
[00:03:27] [main/DEBUG] [REI] ========================================
[00:03:27] [main/TRACE] [REI] [REIPlugin END] Reloading Section: "pre-register/"
[00:03:27] [main/TRACE] [REI] [REIPlugin END] Reloading Section: "pre-register/DefaultPlugin of DefaultPlugin [roughlyenoughitems]/"
[00:03:27] [main/TRACE] [REI] [REIPlugin END] Reloading Section: "pre-register/DefaultPlugin of DefaultPlugin [roughlyenoughitems]/" done in 113.2 μs
[00:03:27] [main/TRACE] [REI] [REIPlugin END] Reloading Section: "pre-register/FabricFluidAPISupportPlugin/"
[00:03:27] [main/TRACE] [REI] [REIPlugin END] Reloading Section: "pre-register/FabricFluidAPISupportPlugin/" done in 125.4 μs
[00:03:27] [main/TRACE] [REI] [REIPlugin END] Reloading Section: "pre-register/DefaultRuntimePlugin of DefaultRuntimePlugin [roughlyenoughitems]/"
[00:03:27] [main/TRACE] [REI] [REIPlugin END] Reloading Section: "pre-register/DefaultRuntimePlugin of DefaultRuntimePlugin [roughlyenoughitems]/" done in 41.58 μs
[00:03:27] [main/TRACE] [REI] [REIPlugin END] Reloading Section: "pre-register/ServerREIPlugin of ServerREIPlugin [farmersdelight]/"
[00:03:27] [main/TRACE] [REI] [REIPlugin END] Reloading Section: "pre-register/ServerREIPlugin of ServerREIPlugin [farmersdelight]/" done in 52.74 μs
[00:03:27] [main/TRACE] [REI] [REIPlugin END] Reloading Section: "pre-register/" done in 968.3 μs
[00:03:27] [main/TRACE] [REI] [REIPlugin END] Reloading Section: "pre-stage/"
[00:03:27] [main/TRACE] [REI] [REIPlugin END] Reloading Section: "pre-stage/EntryTypeRegistryImpl/"
[00:03:27] [main/TRACE] [REI] [REIPlugin END] Reloading Section: "pre-stage/EntryTypeRegistryImpl/" done in 109.3 μs
[00:03:27] [main/TRACE] [REI] [REIPlugin END] Reloading Section: "pre-stage/EntrySettingsAdapterRegistryImpl/"
[00:03:27] [main/TRACE] [REI] [REIPlugin END] Reloading Section: "pre-stage/EntrySettingsAdapterRegistryImpl/" done in 109.1 μs
[00:03:27] [main/TRACE] [REI] [REIPlugin END] Reloading Section: "pre-stage/RecipeManagerContextImpl/"
[00:03:27] [main/TRACE] [REI] [REIPlugin END] Reloading Section: "pre-stage/RecipeManagerContextImpl/" done in 42.38 μs
[00:03:27] [main/TRACE] [REI] [REIPlugin END] Reloading Section: "pre-stage/ItemComparatorRegistryImpl/"
[00:03:27] [main/TRACE] [REI] [REIPlugin END] Reloading Section: "pre-stage/ItemComparatorRegistryImpl/" done in 56.63 μs
[00:03:27] [main/TRACE] [REI] [REIPlugin END] Reloading Section: "pre-stage/FluidComparatorRegistryImpl/"
[00:03:27] [main/TRACE] [REI] [REIPlugin END] Reloading Section: "pre-stage/FluidComparatorRegistryImpl/" done in 40.70 μs
[00:03:27] [main/TRACE] [REI] [REIPlugin END] Reloading Section: "pre-stage/DisplaySerializerRegistryImpl/"
[00:03:27] [main/TRACE] [REI] [REIPlugin END] Reloading Section: "pre-stage/DisplaySerializerRegistryImpl/" done in 41.50 μs
[00:03:27] [main/TRACE] [REI] [REIPlugin END] Reloading Section: "pre-stage/FluidSupportProviderImpl/"
[00:03:27] [main/TRACE] [REI] [REIPlugin END] Reloading Section: "pre-stage/FluidSupportProviderImpl/" done in 41.86 μs
[00:03:27] [main/TRACE] [REI] [REIPlugin END] Reloading Section: "pre-stage/" done in 1.128 ms
[00:03:27] [main/DEBUG] [REI] ========================================
[00:03:27] [main/DEBUG] [REI] REIPlugin finished pre-reload for END in 2.455 ms.
[00:03:27] [main/DEBUG] [REI] ========================================
[00:03:27] [main/DEBUG] [REI] ========================================
[00:03:27] [main/DEBUG] [REI] REIServerPlugin starting pre-reload for END.
[00:03:27] [main/DEBUG] [REI] Reloadables (2):
[00:03:27] [main/DEBUG] [REI]  - MenuInfoRegistryImpl
[00:03:27] [main/DEBUG] [REI]  - SlotAccessorRegistryImpl
[00:03:27] [main/DEBUG] [REI] Plugins (4):
[00:03:27] [main/DEBUG] [REI]  - (-100.00) DefaultPlugin of DefaultPlugin [roughlyenoughitems]
[00:03:27] [main/DEBUG] [REI]  - (0.00) FabricFluidAPISupportPlugin
[00:03:27] [main/DEBUG] [REI]  - (0.00) DefaultRuntimePlugin of DefaultRuntimePlugin [roughlyenoughitems]
[00:03:27] [main/DEBUG] [REI]  - (0.00) ServerREIPlugin of ServerREIPlugin [farmersdelight]
[00:03:27] [main/DEBUG] [REI] ========================================
[00:03:27] [main/TRACE] [REI] [REIServerPlugin END] Reloading Section: "pre-register/"
[00:03:27] [main/TRACE] [REI] [REIServerPlugin END] Reloading Section: "pre-register/DefaultPlugin of DefaultPlugin [roughlyenoughitems]/"
[00:03:27] [main/TRACE] [REI] [REIServerPlugin END] Reloading Section: "pre-register/DefaultPlugin of DefaultPlugin [roughlyenoughitems]/" done in 42.77 μs
[00:03:27] [main/TRACE] [REI] [REIServerPlugin END] Reloading Section: "pre-register/FabricFluidAPISupportPlugin/"
[00:03:27] [main/TRACE] [REI] [REIServerPlugin END] Reloading Section: "pre-register/FabricFluidAPISupportPlugin/" done in 34.79 μs
[00:03:27] [main/TRACE] [REI] [REIServerPlugin END] Reloading Section: "pre-register/DefaultRuntimePlugin of DefaultRuntimePlugin [roughlyenoughitems]/"
[00:03:27] [main/TRACE] [REI] [REIServerPlugin END] Reloading Section: "pre-register/DefaultRuntimePlugin of DefaultRuntimePlugin [roughlyenoughitems]/" done in 34.18 μs
[00:03:27] [main/TRACE] [REI] [REIServerPlugin END] Reloading Section: "pre-register/ServerREIPlugin of ServerREIPlugin [farmersdelight]/"
[00:03:27] [main/TRACE] [REI] [REIServerPlugin END] Reloading Section: "pre-register/ServerREIPlugin of ServerREIPlugin [farmersdelight]/" done in 35.00 μs
[00:03:27] [main/TRACE] [REI] [REIServerPlugin END] Reloading Section: "pre-register/" done in 453.1 μs
[00:03:27] [main/TRACE] [REI] [REIServerPlugin END] Reloading Section: "pre-stage/"
[00:03:27] [main/TRACE] [REI] [REIServerPlugin END] Reloading Section: "pre-stage/MenuInfoRegistryImpl/"
[00:03:27] [main/TRACE] [REI] [REIServerPlugin END] Reloading Section: "pre-stage/MenuInfoRegistryImpl/" done in 38.46 μs
[00:03:27] [main/TRACE] [REI] [REIServerPlugin END] Reloading Section: "pre-stage/SlotAccessorRegistryImpl/"
[00:03:27] [main/TRACE] [REI] [REIServerPlugin END] Reloading Section: "pre-stage/SlotAccessorRegistryImpl/" done in 35.25 μs
[00:03:27] [main/TRACE] [REI] [REIServerPlugin END] Reloading Section: "pre-stage/" done in 238.5 μs
[00:03:27] [main/DEBUG] [REI] ========================================
[00:03:27] [main/DEBUG] [REI] REIServerPlugin finished pre-reload for END in 796.0 μs.
[00:03:27] [main/DEBUG] [REI] ========================================
[00:03:27] [main/INFO] [REI] ~~~~~~~~~~~~~~~~~~~~~~~~~~~~~~~~~~~~~~~~
[00:03:27] [main/INFO] [REI] REIPlugin starting main-reload for END.
[00:03:27] [main/DEBUG] [REI] Reloadables (7):
[00:03:27] [main/DEBUG] [REI]  - EntryTypeRegistryImpl
[00:03:27] [main/DEBUG] [REI]  - EntrySettingsAdapterRegistryImpl
[00:03:27] [main/DEBUG] [REI]  - RecipeManagerContextImpl
[00:03:27] [main/DEBUG] [REI]  - ItemComparatorRegistryImpl
[00:03:27] [main/DEBUG] [REI]  - FluidComparatorRegistryImpl
[00:03:27] [main/DEBUG] [REI]  - DisplaySerializerRegistryImpl
[00:03:27] [main/DEBUG] [REI]  - FluidSupportProviderImpl
[00:03:27] [main/INFO] [REI] Plugins (4):
[00:03:27] [main/INFO] [REI]  - (-100.00) DefaultPlugin of DefaultPlugin [roughlyenoughitems]
[00:03:27] [main/INFO] [REI]  - (0.00) FabricFluidAPISupportPlugin
[00:03:27] [main/INFO] [REI]  - (0.00) DefaultRuntimePlugin of DefaultRuntimePlugin [roughlyenoughitems]
[00:03:27] [main/INFO] [REI]  - (0.00) ServerREIPlugin of ServerREIPlugin [farmersdelight]
[00:03:27] [main/INFO] [REI] ~~~~~~~~~~~~~~~~~~~~~~~~~~~~~~~~~~~~~~~~
[00:03:27] [main/TRACE] [REI] [REIPlugin END] Reloading Section: "start-reload/"
[00:03:27] [main/TRACE] [REI] [REIPlugin END] Reloading Section: "start-reload/EntryTypeRegistryImpl/"
[00:03:27] [main/TRACE] [REI] [REIPlugin END] Reloading Section: "start-reload/EntryTypeRegistryImpl/" done in 49.09 μs
[00:03:27] [main/TRACE] [REI] [REIPlugin END] Reloading Section: "start-reload/EntrySettingsAdapterRegistryImpl/"
[00:03:27] [main/TRACE] [REI] [REIPlugin END] Reloading Section: "start-reload/EntrySettingsAdapterRegistryImpl/" done in 42.82 μs
[00:03:27] [main/TRACE] [REI] [REIPlugin END] Reloading Section: "start-reload/RecipeManagerContextImpl/"
[00:03:27] [main/TRACE] [REI] [REIPlugin END] Reloading Section: "start-reload/RecipeManagerContextImpl/" done in 35.21 μs
[00:03:27] [main/TRACE] [REI] [REIPlugin END] Reloading Section: "start-reload/ItemComparatorRegistryImpl/"
[00:03:27] [main/TRACE] [REI] [REIPlugin END] Reloading Section: "start-reload/ItemComparatorRegistryImpl/" done in 29.82 μs
[00:03:27] [main/TRACE] [REI] [REIPlugin END] Reloading Section: "start-reload/FluidComparatorRegistryImpl/"
[00:03:27] [main/TRACE] [REI] [REIPlugin END] Reloading Section: "start-reload/FluidComparatorRegistryImpl/" done in 34.25 μs
[00:03:27] [main/TRACE] [REI] [REIPlugin END] Reloading Section: "start-reload/DisplaySerializerRegistryImpl/"
[00:03:27] [main/TRACE] [REI] [REIPlugin END] Reloading Section: "start-reload/DisplaySerializerRegistryImpl/" done in 41.85 μs
[00:03:27] [main/TRACE] [REI] [REIPlugin END] Reloading Section: "start-reload/FluidSupportProviderImpl/"
[00:03:27] [main/TRACE] [REI] [REIPlugin END] Reloading Section: "start-reload/FluidSupportProviderImpl/" done in 31.88 μs
[00:03:27] [main/TRACE] [REI] [REIPlugin END] Reloading Section: "start-reload/" done in 772.7 μs
[00:03:27] [main/DEBUG] [REI] ========================================
[00:03:27] [main/DEBUG] [REI] REIPlugin started main-reload for END.
[00:03:27] [main/DEBUG] [REI] ========================================
[00:03:27] [main/TRACE] [REI] [REIPlugin END] Reloading Section: "reloadable-plugin/EntryTypeRegistryImpl/"
[00:03:27] [main/TRACE] [REI] [REIPlugin END] Reloading Section: "reloadable-plugin/EntryTypeRegistryImpl/DefaultPlugin of DefaultPlugin [roughlyenoughitems]/"
[00:03:27] [main/TRACE] [REI] [REIPlugin END] Reloading Section: "reloadable-plugin/EntryTypeRegistryImpl/DefaultPlugin of DefaultPlugin [roughlyenoughitems]/" done in 38.85 μs
[00:03:27] [main/TRACE] [REI] [REIPlugin END] Reloading Section: "reloadable-plugin/EntryTypeRegistryImpl/FabricFluidAPISupportPlugin/"
[00:03:27] [main/TRACE] [REI] [REIPlugin END] Reloading Section: "reloadable-plugin/EntryTypeRegistryImpl/FabricFluidAPISupportPlugin/" done in 39.89 μs
[00:03:27] [main/TRACE] [REI] [REIPlugin END] Reloading Section: "reloadable-plugin/EntryTypeRegistryImpl/DefaultRuntimePlugin of DefaultRuntimePlugin [roughlyenoughitems]/"
[00:03:27] [main/TRACE] [REI] [REIPlugin END] Reloading Section: "reloadable-plugin/EntryTypeRegistryImpl/DefaultRuntimePlugin of DefaultRuntimePlugin [roughlyenoughitems]/" done in 38.32 μs
[00:03:27] [main/TRACE] [REI] [REIPlugin END] Reloading Section: "reloadable-plugin/EntryTypeRegistryImpl/ServerREIPlugin of ServerREIPlugin [farmersdelight]/"
[00:03:27] [main/TRACE] [REI] [REIPlugin END] Reloading Section: "reloadable-plugin/EntryTypeRegistryImpl/ServerREIPlugin of ServerREIPlugin [farmersdelight]/" done in 37.35 μs
[00:03:27] [main/TRACE] [REI] [REIPlugin END] Reloading Section: "reloadable-plugin/EntryTypeRegistryImpl/" done in 507.0 μs
[00:03:27] [main/TRACE] [REI] [REIPlugin END] Reloading Section: "reloadable-plugin/EntrySettingsAdapterRegistryImpl/"
[00:03:27] [main/TRACE] [REI] [REIPlugin END] Reloading Section: "reloadable-plugin/EntrySettingsAdapterRegistryImpl/DefaultPlugin of DefaultPlugin [roughlyenoughitems]/"
[00:03:27] [main/TRACE] [REI] [REIPlugin END] Reloading Section: "reloadable-plugin/EntrySettingsAdapterRegistryImpl/DefaultPlugin of DefaultPlugin [roughlyenoughitems]/" done in 42.96 μs
[00:03:27] [main/TRACE] [REI] [REIPlugin END] Reloading Section: "reloadable-plugin/EntrySettingsAdapterRegistryImpl/FabricFluidAPISupportPlugin/"
[00:03:27] [main/TRACE] [REI] [REIPlugin END] Reloading Section: "reloadable-plugin/EntrySettingsAdapterRegistryImpl/FabricFluidAPISupportPlugin/" done in 53.06 μs
[00:03:27] [main/TRACE] [REI] [REIPlugin END] Reloading Section: "reloadable-plugin/EntrySettingsAdapterRegistryImpl/DefaultRuntimePlugin of DefaultRuntimePlugin [roughlyenoughitems]/"
[00:03:27] [main/TRACE] [REI] [REIPlugin END] Reloading Section: "reloadable-plugin/EntrySettingsAdapterRegistryImpl/DefaultRuntimePlugin of DefaultRuntimePlugin [roughlyenoughitems]/" done in 46.44 μs
[00:03:27] [main/TRACE] [REI] [REIPlugin END] Reloading Section: "reloadable-plugin/EntrySettingsAdapterRegistryImpl/ServerREIPlugin of ServerREIPlugin [farmersdelight]/"
[00:03:27] [main/TRACE] [REI] [REIPlugin END] Reloading Section: "reloadable-plugin/EntrySettingsAdapterRegistryImpl/ServerREIPlugin of ServerREIPlugin [farmersdelight]/" done in 53.87 μs
[00:03:27] [main/TRACE] [REI] [REIPlugin END] Reloading Section: "reloadable-plugin/EntrySettingsAdapterRegistryImpl/" done in 535.0 μs
[00:03:27] [main/TRACE] [REI] [REIPlugin END] Reloading Section: "reloadable-plugin/RecipeManagerContextImpl/"
[00:03:27] [main/TRACE] [REI] [REIPlugin END] Reloading Section: "reloadable-plugin/RecipeManagerContextImpl/DefaultPlugin of DefaultPlugin [roughlyenoughitems]/"
[00:03:27] [main/TRACE] [REI] [REIPlugin END] Reloading Section: "reloadable-plugin/RecipeManagerContextImpl/DefaultPlugin of DefaultPlugin [roughlyenoughitems]/" done in 39.96 μs
[00:03:27] [main/TRACE] [REI] [REIPlugin END] Reloading Section: "reloadable-plugin/RecipeManagerContextImpl/FabricFluidAPISupportPlugin/"
[00:03:27] [main/TRACE] [REI] [REIPlugin END] Reloading Section: "reloadable-plugin/RecipeManagerContextImpl/FabricFluidAPISupportPlugin/" done in 54.34 μs
[00:03:27] [main/TRACE] [REI] [REIPlugin END] Reloading Section: "reloadable-plugin/RecipeManagerContextImpl/DefaultRuntimePlugin of DefaultRuntimePlugin [roughlyenoughitems]/"
[00:03:27] [main/TRACE] [REI] [REIPlugin END] Reloading Section: "reloadable-plugin/RecipeManagerContextImpl/DefaultRuntimePlugin of DefaultRuntimePlugin [roughlyenoughitems]/" done in 42.15 μs
[00:03:27] [main/TRACE] [REI] [REIPlugin END] Reloading Section: "reloadable-plugin/RecipeManagerContextImpl/ServerREIPlugin of ServerREIPlugin [farmersdelight]/"
[00:03:27] [main/TRACE] [REI] [REIPlugin END] Reloading Section: "reloadable-plugin/RecipeManagerContextImpl/ServerREIPlugin of ServerREIPlugin [farmersdelight]/" done in 38.80 μs
[00:03:27] [main/TRACE] [REI] [REIPlugin END] Reloading Section: "reloadable-plugin/RecipeManagerContextImpl/" done in 507.1 μs
[00:03:27] [main/TRACE] [REI] [REIPlugin END] Reloading Section: "reloadable-plugin/ItemComparatorRegistryImpl/"
[00:03:27] [main/TRACE] [REI] [REIPlugin END] Reloading Section: "reloadable-plugin/ItemComparatorRegistryImpl/DefaultPlugin of DefaultPlugin [roughlyenoughitems]/"
[00:03:27] [main/TRACE] [REI] [REIPlugin END] Reloading Section: "reloadable-plugin/ItemComparatorRegistryImpl/DefaultPlugin of DefaultPlugin [roughlyenoughitems]/" done in 182.8 μs
[00:03:27] [main/TRACE] [REI] [REIPlugin END] Reloading Section: "reloadable-plugin/ItemComparatorRegistryImpl/FabricFluidAPISupportPlugin/"
[00:03:27] [main/TRACE] [REI] [REIPlugin END] Reloading Section: "reloadable-plugin/ItemComparatorRegistryImpl/FabricFluidAPISupportPlugin/" done in 36.03 μs
[00:03:27] [main/TRACE] [REI] [REIPlugin END] Reloading Section: "reloadable-plugin/ItemComparatorRegistryImpl/DefaultRuntimePlugin of DefaultRuntimePlugin [roughlyenoughitems]/"
[00:03:27] [main/TRACE] [REI] [REIPlugin END] Reloading Section: "reloadable-plugin/ItemComparatorRegistryImpl/DefaultRuntimePlugin of DefaultRuntimePlugin [roughlyenoughitems]/" done in 31.75 μs
[00:03:27] [main/TRACE] [REI] [REIPlugin END] Reloading Section: "reloadable-plugin/ItemComparatorRegistryImpl/ServerREIPlugin of ServerREIPlugin [farmersdelight]/"
[00:03:27] [main/TRACE] [REI] [REIPlugin END] Reloading Section: "reloadable-plugin/ItemComparatorRegistryImpl/ServerREIPlugin of ServerREIPlugin [farmersdelight]/" done in 26.05 μs
[00:03:27] [main/TRACE] [REI] [REIPlugin END] Reloading Section: "reloadable-plugin/ItemComparatorRegistryImpl/" done in 602.7 μs
[00:03:27] [main/TRACE] [REI] [REIPlugin END] Reloading Section: "reloadable-plugin/FluidComparatorRegistryImpl/"
[00:03:27] [main/TRACE] [REI] [REIPlugin END] Reloading Section: "reloadable-plugin/FluidComparatorRegistryImpl/DefaultPlugin of DefaultPlugin [roughlyenoughitems]/"
[00:03:27] [main/TRACE] [REI] [REIPlugin END] Reloading Section: "reloadable-plugin/FluidComparatorRegistryImpl/DefaultPlugin of DefaultPlugin [roughlyenoughitems]/" done in 58.47 μs
[00:03:27] [main/TRACE] [REI] [REIPlugin END] Reloading Section: "reloadable-plugin/FluidComparatorRegistryImpl/FabricFluidAPISupportPlugin/"
[00:03:27] [main/TRACE] [REI] [REIPlugin END] Reloading Section: "reloadable-plugin/FluidComparatorRegistryImpl/FabricFluidAPISupportPlugin/" done in 28.28 μs
[00:03:27] [main/TRACE] [REI] [REIPlugin END] Reloading Section: "reloadable-plugin/FluidComparatorRegistryImpl/DefaultRuntimePlugin of DefaultRuntimePlugin [roughlyenoughitems]/"
[00:03:27] [main/TRACE] [REI] [REIPlugin END] Reloading Section: "reloadable-plugin/FluidComparatorRegistryImpl/DefaultRuntimePlugin of DefaultRuntimePlugin [roughlyenoughitems]/" done in 41.47 μs
[00:03:27] [main/TRACE] [REI] [REIPlugin END] Reloading Section: "reloadable-plugin/FluidComparatorRegistryImpl/ServerREIPlugin of ServerREIPlugin [farmersdelight]/"
[00:03:27] [main/TRACE] [REI] [REIPlugin END] Reloading Section: "reloadable-plugin/FluidComparatorRegistryImpl/ServerREIPlugin of ServerREIPlugin [farmersdelight]/" done in 28.63 μs
[00:03:27] [main/TRACE] [REI] [REIPlugin END] Reloading Section: "reloadable-plugin/FluidComparatorRegistryImpl/" done in 498.8 μs
[00:03:27] [main/TRACE] [REI] [REIPlugin END] Reloading Section: "reloadable-plugin/DisplaySerializerRegistryImpl/"
[00:03:27] [main/TRACE] [REI] [REIPlugin END] Reloading Section: "reloadable-plugin/DisplaySerializerRegistryImpl/DefaultPlugin of DefaultPlugin [roughlyenoughitems]/"
[00:03:27] [main/TRACE] [REI] [REIPlugin END] Reloading Section: "reloadable-plugin/DisplaySerializerRegistryImpl/DefaultPlugin of DefaultPlugin [roughlyenoughitems]/" done in 14.49 ms
[00:03:27] [main/TRACE] [REI] [REIPlugin END] Reloading Section: "reloadable-plugin/DisplaySerializerRegistryImpl/FabricFluidAPISupportPlugin/"
[00:03:27] [main/TRACE] [REI] [REIPlugin END] Reloading Section: "reloadable-plugin/DisplaySerializerRegistryImpl/FabricFluidAPISupportPlugin/" done in 58.44 μs
[00:03:27] [main/TRACE] [REI] [REIPlugin END] Reloading Section: "reloadable-plugin/DisplaySerializerRegistryImpl/DefaultRuntimePlugin of DefaultRuntimePlugin [roughlyenoughitems]/"
[00:03:27] [main/TRACE] [REI] [REIPlugin END] Reloading Section: "reloadable-plugin/DisplaySerializerRegistryImpl/DefaultRuntimePlugin of DefaultRuntimePlugin [roughlyenoughitems]/" done in 49.72 μs
[00:03:27] [main/TRACE] [REI] [REIPlugin END] Reloading Section: "reloadable-plugin/DisplaySerializerRegistryImpl/ServerREIPlugin of ServerREIPlugin [farmersdelight]/"
[00:03:27] [main/TRACE] [REI] [REIPlugin END] Reloading Section: "reloadable-plugin/DisplaySerializerRegistryImpl/ServerREIPlugin of ServerREIPlugin [farmersdelight]/" done in 1.300 ms
[00:03:27] [main/TRACE] [REI] [REIPlugin END] Reloading Section: "reloadable-plugin/DisplaySerializerRegistryImpl/" done in 16.53 ms
[00:03:27] [main/TRACE] [REI] [REIPlugin END] Reloading Section: "reloadable-plugin/FluidSupportProviderImpl/"
[00:03:27] [main/TRACE] [REI] [REIPlugin END] Reloading Section: "reloadable-plugin/FluidSupportProviderImpl/DefaultPlugin of DefaultPlugin [roughlyenoughitems]/"
[00:03:27] [main/TRACE] [REI] [REIPlugin END] Reloading Section: "reloadable-plugin/FluidSupportProviderImpl/DefaultPlugin of DefaultPlugin [roughlyenoughitems]/" done in 49.37 μs
[00:03:27] [main/TRACE] [REI] [REIPlugin END] Reloading Section: "reloadable-plugin/FluidSupportProviderImpl/FabricFluidAPISupportPlugin/"
[00:03:27] [main/TRACE] [REI] [REIPlugin END] Reloading Section: "reloadable-plugin/FluidSupportProviderImpl/FabricFluidAPISupportPlugin/" done in 59.13 μs
[00:03:27] [main/TRACE] [REI] [REIPlugin END] Reloading Section: "reloadable-plugin/FluidSupportProviderImpl/DefaultRuntimePlugin of DefaultRuntimePlugin [roughlyenoughitems]/"
[00:03:27] [main/TRACE] [REI] [REIPlugin END] Reloading Section: "reloadable-plugin/FluidSupportProviderImpl/DefaultRuntimePlugin of DefaultRuntimePlugin [roughlyenoughitems]/" done in 60.02 μs
[00:03:27] [main/TRACE] [REI] [REIPlugin END] Reloading Section: "reloadable-plugin/FluidSupportProviderImpl/ServerREIPlugin of ServerREIPlugin [farmersdelight]/"
[00:03:27] [main/TRACE] [REI] [REIPlugin END] Reloading Section: "reloadable-plugin/FluidSupportProviderImpl/ServerREIPlugin of ServerREIPlugin [farmersdelight]/" done in 47.38 μs
[00:03:27] [main/TRACE] [REI] [REIPlugin END] Reloading Section: "reloadable-plugin/FluidSupportProviderImpl/" done in 655.7 μs
[00:03:27] [main/DEBUG] [REI] ========================================
[00:03:27] [main/DEBUG] [REI] REIPlugin ending main-reload for END.
[00:03:27] [main/DEBUG] [REI] ========================================
[00:03:27] [main/TRACE] [REI] [REIPlugin END] Reloading Section: "end-reload/"
[00:03:27] [main/TRACE] [REI] [REIPlugin END] Reloading Section: "end-reload/EntryTypeRegistryImpl/"
[00:03:27] [main/TRACE] [REI] [REIPlugin END] Reloading Section: "end-reload/EntryTypeRegistryImpl/" done in 57.93 μs
[00:03:27] [main/TRACE] [REI] [REIPlugin END] Reloading Section: "end-reload/EntrySettingsAdapterRegistryImpl/"
[00:03:27] [main/TRACE] [REI] [REIPlugin END] Reloading Section: "end-reload/EntrySettingsAdapterRegistryImpl/" done in 49.04 μs
[00:03:27] [main/TRACE] [REI] [REIPlugin END] Reloading Section: "end-reload/RecipeManagerContextImpl/"
[00:03:27] [main/TRACE] [REI] [REIPlugin END] Reloading Section: "end-reload/RecipeManagerContextImpl/" done in 160.4 μs
[00:03:27] [main/TRACE] [REI] [REIPlugin END] Reloading Section: "end-reload/ItemComparatorRegistryImpl/"
[00:03:27] [main/TRACE] [REI] [REIPlugin END] Reloading Section: "end-reload/ItemComparatorRegistryImpl/" done in 53.88 μs
[00:03:27] [main/TRACE] [REI] [REIPlugin END] Reloading Section: "end-reload/FluidComparatorRegistryImpl/"
[00:03:27] [main/TRACE] [REI] [REIPlugin END] Reloading Section: "end-reload/FluidComparatorRegistryImpl/" done in 79.95 μs
[00:03:27] [main/TRACE] [REI] [REIPlugin END] Reloading Section: "end-reload/DisplaySerializerRegistryImpl/"
[00:03:27] [main/TRACE] [REI] [REIPlugin END] Reloading Section: "end-reload/DisplaySerializerRegistryImpl/" done in 146.2 μs
[00:03:27] [main/TRACE] [REI] [REIPlugin END] Reloading Section: "end-reload/FluidSupportProviderImpl/"
[00:03:27] [main/TRACE] [REI] [REIPlugin END] Reloading Section: "end-reload/FluidSupportProviderImpl/" done in 112.3 μs
[00:03:27] [main/TRACE] [REI] [REIPlugin END] Reloading Section: "end-reload/" done in 1.709 ms
[00:03:27] [main/DEBUG] [REI] ========================================
[00:03:27] [main/DEBUG] [REI] REIPlugin ended main-reload for END in 28.25 ms.
[00:03:27] [main/DEBUG] [REI] ========================================
[00:03:27] [main/INFO] [REI] ----------------------------------------
[00:03:27] [main/INFO] [REI] REIServerPlugin starting main-reload for END.
[00:03:27] [main/DEBUG] [REI] Reloadables (2):
[00:03:27] [main/DEBUG] [REI]  - MenuInfoRegistryImpl
[00:03:27] [main/DEBUG] [REI]  - SlotAccessorRegistryImpl
[00:03:27] [main/INFO] [REI] Plugins (4):
[00:03:27] [main/INFO] [REI]  - (-100.00) DefaultPlugin of DefaultPlugin [roughlyenoughitems]
[00:03:27] [main/INFO] [REI]  - (0.00) FabricFluidAPISupportPlugin
[00:03:27] [main/INFO] [REI]  - (0.00) DefaultRuntimePlugin of DefaultRuntimePlugin [roughlyenoughitems]
[00:03:27] [main/INFO] [REI]  - (0.00) ServerREIPlugin of ServerREIPlugin [farmersdelight]
[00:03:27] [main/INFO] [REI] ----------------------------------------
[00:03:27] [main/TRACE] [REI] [REIServerPlugin END] Reloading Section: "start-reload/"
[00:03:27] [main/TRACE] [REI] [REIServerPlugin END] Reloading Section: "start-reload/MenuInfoRegistryImpl/"
[00:03:27] [main/TRACE] [REI] [REIServerPlugin END] Reloading Section: "start-reload/MenuInfoRegistryImpl/" done in 199.2 μs
[00:03:27] [main/TRACE] [REI] [REIServerPlugin END] Reloading Section: "start-reload/SlotAccessorRegistryImpl/"
[00:03:27] [main/TRACE] [REI] [REIServerPlugin END] Reloading Section: "start-reload/SlotAccessorRegistryImpl/" done in 116.0 μs
[00:03:27] [main/TRACE] [REI] [REIServerPlugin END] Reloading Section: "start-reload/" done in 783.5 μs
[00:03:27] [main/DEBUG] [REI] ========================================
[00:03:27] [main/DEBUG] [REI] REIServerPlugin started main-reload for END.
[00:03:27] [main/DEBUG] [REI] ========================================
[00:03:27] [main/TRACE] [REI] [REIServerPlugin END] Reloading Section: "reloadable-plugin/MenuInfoRegistryImpl/"
[00:03:27] [main/TRACE] [REI] [REIServerPlugin END] Reloading Section: "reloadable-plugin/MenuInfoRegistryImpl/DefaultPlugin of DefaultPlugin [roughlyenoughitems]/"
[00:03:27] [main/TRACE] [REI] [REIServerPlugin END] Reloading Section: "reloadable-plugin/MenuInfoRegistryImpl/DefaultPlugin of DefaultPlugin [roughlyenoughitems]/" done in 136.0 μs
[00:03:27] [main/TRACE] [REI] [REIServerPlugin END] Reloading Section: "reloadable-plugin/MenuInfoRegistryImpl/FabricFluidAPISupportPlugin/"
[00:03:27] [main/TRACE] [REI] [REIServerPlugin END] Reloading Section: "reloadable-plugin/MenuInfoRegistryImpl/FabricFluidAPISupportPlugin/" done in 64.62 μs
[00:03:27] [main/TRACE] [REI] [REIServerPlugin END] Reloading Section: "reloadable-plugin/MenuInfoRegistryImpl/DefaultRuntimePlugin of DefaultRuntimePlugin [roughlyenoughitems]/"
[00:03:27] [main/TRACE] [REI] [REIServerPlugin END] Reloading Section: "reloadable-plugin/MenuInfoRegistryImpl/DefaultRuntimePlugin of DefaultRuntimePlugin [roughlyenoughitems]/" done in 83.92 μs
[00:03:27] [main/TRACE] [REI] [REIServerPlugin END] Reloading Section: "reloadable-plugin/MenuInfoRegistryImpl/ServerREIPlugin of ServerREIPlugin [farmersdelight]/"
[00:03:27] [main/TRACE] [REI] [REIServerPlugin END] Reloading Section: "reloadable-plugin/MenuInfoRegistryImpl/ServerREIPlugin of ServerREIPlugin [farmersdelight]/" done in 168.5 μs
[00:03:27] [main/TRACE] [REI] [REIServerPlugin END] Reloading Section: "reloadable-plugin/MenuInfoRegistryImpl/" done in 1.425 ms
[00:03:27] [main/TRACE] [REI] [REIServerPlugin END] Reloading Section: "reloadable-plugin/SlotAccessorRegistryImpl/"
[00:03:27] [main/TRACE] [REI] [REIServerPlugin END] Reloading Section: "reloadable-plugin/SlotAccessorRegistryImpl/DefaultPlugin of DefaultPlugin [roughlyenoughitems]/"
[00:03:27] [main/TRACE] [REI] [REIServerPlugin END] Reloading Section: "reloadable-plugin/SlotAccessorRegistryImpl/DefaultPlugin of DefaultPlugin [roughlyenoughitems]/" done in 119.7 μs
[00:03:27] [main/TRACE] [REI] [REIServerPlugin END] Reloading Section: "reloadable-plugin/SlotAccessorRegistryImpl/FabricFluidAPISupportPlugin/"
[00:03:27] [main/TRACE] [REI] [REIServerPlugin END] Reloading Section: "reloadable-plugin/SlotAccessorRegistryImpl/FabricFluidAPISupportPlugin/" done in 65.11 μs
[00:03:27] [main/TRACE] [REI] [REIServerPlugin END] Reloading Section: "reloadable-plugin/SlotAccessorRegistryImpl/DefaultRuntimePlugin of DefaultRuntimePlugin [roughlyenoughitems]/"
[00:03:27] [main/DEBUG] [REI] Added slot accessor serializer: me.shedaniel.rei.plugin.common.runtime.DefaultRuntimePlugin$1@52f40e3e [roughlyenoughitems:vanilla]
[00:03:27] [main/DEBUG] [REI] Added slot accessor serializer: me.shedaniel.rei.plugin.common.runtime.DefaultRuntimePlugin$2@104e0915 [roughlyenoughitems:player]
[00:03:27] [main/TRACE] [REI] [REIServerPlugin END] Reloading Section: "reloadable-plugin/SlotAccessorRegistryImpl/DefaultRuntimePlugin of DefaultRuntimePlugin [roughlyenoughitems]/" done in 1.841 ms
[00:03:27] [main/TRACE] [REI] [REIServerPlugin END] Reloading Section: "reloadable-plugin/SlotAccessorRegistryImpl/ServerREIPlugin of ServerREIPlugin [farmersdelight]/"
[00:03:27] [main/TRACE] [REI] [REIServerPlugin END] Reloading Section: "reloadable-plugin/SlotAccessorRegistryImpl/ServerREIPlugin of ServerREIPlugin [farmersdelight]/" done in 128.9 μs
[00:03:27] [main/TRACE] [REI] [REIServerPlugin END] Reloading Section: "reloadable-plugin/SlotAccessorRegistryImpl/" done in 2.900 ms
[00:03:27] [main/DEBUG] [REI] ========================================
[00:03:27] [main/DEBUG] [REI] REIServerPlugin ending main-reload for END.
[00:03:27] [main/DEBUG] [REI] ========================================
[00:03:27] [main/TRACE] [REI] [REIServerPlugin END] Reloading Section: "end-reload/"
[00:03:27] [main/TRACE] [REI] [REIServerPlugin END] Reloading Section: "end-reload/MenuInfoRegistryImpl/"
[00:03:27] [main/DEBUG] [REI] Registered 0 menu infos
[00:03:27] [main/TRACE] [REI] [REIServerPlugin END] Reloading Section: "end-reload/MenuInfoRegistryImpl/" done in 261.2 μs
[00:03:27] [main/TRACE] [REI] [REIServerPlugin END] Reloading Section: "end-reload/SlotAccessorRegistryImpl/"
[00:03:27] [main/DEBUG] [REI] Registered 2 slot accessor serializers
[00:03:27] [main/TRACE] [REI] [REIServerPlugin END] Reloading Section: "end-reload/SlotAccessorRegistryImpl/" done in 261.4 μs
[00:03:27] [main/TRACE] [REI] [REIServerPlugin END] Reloading Section: "end-reload/" done in 937.8 μs
[00:03:27] [main/DEBUG] [REI] ========================================
[00:03:27] [main/DEBUG] [REI] REIServerPlugin ended main-reload for END in 9.526 ms.
[00:03:27] [main/DEBUG] [REI] ========================================
[00:03:27] [main/DEBUG] [REI] ========================================
[00:03:27] [main/DEBUG] [REI] REIPlugin starting post-reload for END.
[00:03:27] [main/DEBUG] [REI] Reloadables (7):
[00:03:27] [main/DEBUG] [REI]  - EntryTypeRegistryImpl
[00:03:27] [main/DEBUG] [REI]  - EntrySettingsAdapterRegistryImpl
[00:03:27] [main/DEBUG] [REI]  - RecipeManagerContextImpl
[00:03:27] [main/DEBUG] [REI]  - ItemComparatorRegistryImpl
[00:03:27] [main/DEBUG] [REI]  - FluidComparatorRegistryImpl
[00:03:27] [main/DEBUG] [REI]  - DisplaySerializerRegistryImpl
[00:03:27] [main/DEBUG] [REI]  - FluidSupportProviderImpl
[00:03:27] [main/DEBUG] [REI] Plugins (4):
[00:03:27] [main/DEBUG] [REI]  - (-100.00) DefaultPlugin of DefaultPlugin [roughlyenoughitems]
[00:03:27] [main/DEBUG] [REI]  - (0.00) FabricFluidAPISupportPlugin
[00:03:27] [main/DEBUG] [REI]  - (0.00) DefaultRuntimePlugin of DefaultRuntimePlugin [roughlyenoughitems]
[00:03:27] [main/DEBUG] [REI]  - (0.00) ServerREIPlugin of ServerREIPlugin [farmersdelight]
[00:03:27] [main/DEBUG] [REI] ========================================
[00:03:27] [main/TRACE] [REI] [REIPlugin END] Reloading Section: "post-register/"
[00:03:27] [main/TRACE] [REI] [REIPlugin END] Reloading Section: "post-register/DefaultPlugin of DefaultPlugin [roughlyenoughitems]/"
[00:03:27] [main/TRACE] [REI] [REIPlugin END] Reloading Section: "post-register/DefaultPlugin of DefaultPlugin [roughlyenoughitems]/" done in 35.86 μs
[00:03:27] [main/TRACE] [REI] [REIPlugin END] Reloading Section: "post-register/FabricFluidAPISupportPlugin/"
[00:03:27] [main/TRACE] [REI] [REIPlugin END] Reloading Section: "post-register/FabricFluidAPISupportPlugin/" done in 31.56 μs
[00:03:27] [main/TRACE] [REI] [REIPlugin END] Reloading Section: "post-register/DefaultRuntimePlugin of DefaultRuntimePlugin [roughlyenoughitems]/"
[00:03:27] [main/TRACE] [REI] [REIPlugin END] Reloading Section: "post-register/DefaultRuntimePlugin of DefaultRuntimePlugin [roughlyenoughitems]/" done in 31.95 μs
[00:03:27] [main/TRACE] [REI] [REIPlugin END] Reloading Section: "post-register/ServerREIPlugin of ServerREIPlugin [farmersdelight]/"
[00:03:27] [main/TRACE] [REI] [REIPlugin END] Reloading Section: "post-register/ServerREIPlugin of ServerREIPlugin [farmersdelight]/" done in 33.00 μs
[00:03:27] [main/TRACE] [REI] [REIPlugin END] Reloading Section: "post-register/" done in 459.0 μs
[00:03:27] [main/TRACE] [REI] [REIPlugin END] Reloading Section: "post-stage/"
[00:03:27] [main/TRACE] [REI] [REIPlugin END] Reloading Section: "post-stage/EntryTypeRegistryImpl/"
[00:03:27] [main/TRACE] [REI] [REIPlugin END] Reloading Section: "post-stage/EntryTypeRegistryImpl/" done in 28.04 μs
[00:03:27] [main/TRACE] [REI] [REIPlugin END] Reloading Section: "post-stage/EntrySettingsAdapterRegistryImpl/"
[00:03:27] [main/TRACE] [REI] [REIPlugin END] Reloading Section: "post-stage/EntrySettingsAdapterRegistryImpl/" done in 522.2 μs
[00:03:27] [main/TRACE] [REI] [REIPlugin END] Reloading Section: "post-stage/RecipeManagerContextImpl/"
[00:03:27] [main/TRACE] [REI] [REIPlugin END] Reloading Section: "post-stage/RecipeManagerContextImpl/" done in 22.62 μs
[00:03:27] [main/TRACE] [REI] [REIPlugin END] Reloading Section: "post-stage/ItemComparatorRegistryImpl/"
[00:03:27] [main/TRACE] [REI] [REIPlugin END] Reloading Section: "post-stage/ItemComparatorRegistryImpl/" done in 21.98 μs
[00:03:27] [main/TRACE] [REI] [REIPlugin END] Reloading Section: "post-stage/FluidComparatorRegistryImpl/"
[00:03:27] [main/TRACE] [REI] [REIPlugin END] Reloading Section: "post-stage/FluidComparatorRegistryImpl/" done in 76.26 μs
[00:03:27] [main/TRACE] [REI] [REIPlugin END] Reloading Section: "post-stage/DisplaySerializerRegistryImpl/"
[00:03:27] [main/TRACE] [REI] [REIPlugin END] Reloading Section: "post-stage/DisplaySerializerRegistryImpl/" done in 18.55 μs
[00:03:27] [main/TRACE] [REI] [REIPlugin END] Reloading Section: "post-stage/FluidSupportProviderImpl/"
[00:03:27] [main/TRACE] [REI] [REIPlugin END] Reloading Section: "post-stage/FluidSupportProviderImpl/" done in 17.66 μs
[00:03:27] [main/TRACE] [REI] [REIPlugin END] Reloading Section: "post-stage/" done in 1.871 ms
[00:03:27] [main/DEBUG] [REI] ========================================
[00:03:27] [main/INFO] [REI] REIPlugin finished post-reload for END in 2.402 ms, totaling 33.07 ms.
[00:03:27] [main/DEBUG] [REI] ========================================
[00:03:27] [main/DEBUG] [REI] ========================================
[00:03:27] [main/DEBUG] [REI] REIServerPlugin starting post-reload for END.
[00:03:27] [main/DEBUG] [REI] Reloadables (2):
[00:03:27] [main/DEBUG] [REI]  - MenuInfoRegistryImpl
[00:03:27] [main/DEBUG] [REI]  - SlotAccessorRegistryImpl
[00:03:27] [main/DEBUG] [REI] Plugins (4):
[00:03:27] [main/DEBUG] [REI]  - (-100.00) DefaultPlugin of DefaultPlugin [roughlyenoughitems]
[00:03:27] [main/DEBUG] [REI]  - (0.00) FabricFluidAPISupportPlugin
[00:03:27] [main/DEBUG] [REI]  - (0.00) DefaultRuntimePlugin of DefaultRuntimePlugin [roughlyenoughitems]
[00:03:27] [main/DEBUG] [REI]  - (0.00) ServerREIPlugin of ServerREIPlugin [farmersdelight]
[00:03:27] [main/DEBUG] [REI] ========================================
[00:03:27] [main/TRACE] [REI] [REIServerPlugin END] Reloading Section: "post-register/"
[00:03:27] [main/TRACE] [REI] [REIServerPlugin END] Reloading Section: "post-register/DefaultPlugin of DefaultPlugin [roughlyenoughitems]/"
[00:03:27] [main/TRACE] [REI] [REIServerPlugin END] Reloading Section: "post-register/DefaultPlugin of DefaultPlugin [roughlyenoughitems]/" done in 35.46 μs
[00:03:27] [main/TRACE] [REI] [REIServerPlugin END] Reloading Section: "post-register/FabricFluidAPISupportPlugin/"
[00:03:27] [main/TRACE] [REI] [REIServerPlugin END] Reloading Section: "post-register/FabricFluidAPISupportPlugin/" done in 30.29 μs
[00:03:27] [main/TRACE] [REI] [REIServerPlugin END] Reloading Section: "post-register/DefaultRuntimePlugin of DefaultRuntimePlugin [roughlyenoughitems]/"
[00:03:27] [main/TRACE] [REI] [REIServerPlugin END] Reloading Section: "post-register/DefaultRuntimePlugin of DefaultRuntimePlugin [roughlyenoughitems]/" done in 33.90 μs
[00:03:27] [main/TRACE] [REI] [REIServerPlugin END] Reloading Section: "post-register/ServerREIPlugin of ServerREIPlugin [farmersdelight]/"
[00:03:27] [main/TRACE] [REI] [REIServerPlugin END] Reloading Section: "post-register/ServerREIPlugin of ServerREIPlugin [farmersdelight]/" done in 32.80 μs
[00:03:27] [main/TRACE] [REI] [REIServerPlugin END] Reloading Section: "post-register/" done in 409.9 μs
[00:03:27] [main/TRACE] [REI] [REIServerPlugin END] Reloading Section: "post-stage/"
[00:03:27] [main/TRACE] [REI] [REIServerPlugin END] Reloading Section: "post-stage/MenuInfoRegistryImpl/"
[00:03:27] [main/TRACE] [REI] [REIServerPlugin END] Reloading Section: "post-stage/MenuInfoRegistryImpl/" done in 39.94 μs
[00:03:27] [main/TRACE] [REI] [REIServerPlugin END] Reloading Section: "post-stage/SlotAccessorRegistryImpl/"
[00:03:27] [main/TRACE] [REI] [REIServerPlugin END] Reloading Section: "post-stage/SlotAccessorRegistryImpl/" done in 23.40 μs
[00:03:27] [main/TRACE] [REI] [REIServerPlugin END] Reloading Section: "post-stage/" done in 176.4 μs
[00:03:27] [main/DEBUG] [REI] ========================================
[00:03:27] [main/INFO] [REI] REIServerPlugin finished post-reload for END in 654.8 μs, totaling 10.94 ms.
[00:03:27] [main/DEBUG] [REI] ========================================
